
==============================================================
  02 - MIGRACION DE PROCESOS BATCH (fin_legacy_data)
==============================================================
Los tres procesos legacy reescritos en Spring Batch, sobre los archivos
del repositorio KariVillagran/fin_legacy_data:
  movimientos_financieros_diarios.csv -> reporteTransaccionesDiariasJob
  intereses_trimestrales.csv          -> calculoInteresesMensualesJob
  estados_financieros_anuales.csv     -> estadoCuentaAnualJob


--- Archivos de entrada ---
 1001 batch-migracion/src/main/resources/data/estados_financieros_anuales.csv
 1001 batch-migracion/src/main/resources/data/intereses_trimestrales.csv
 1001 batch-migracion/src/main/resources/data/movimientos_financieros_diarios.csv
 3003 total


--- Ejecucion de los tres jobs ---
2026-10-09T17:50:58.923 INFO  [main] c.d.b.b.c.l.JobMetricsListener : >> INICIO job [reporteTransaccionesDiariasJob] parametros={'intento':'{value=1, type=class java.lang.Long, identifying=true}','timestamp':'{value=1791568258826, type=class java.lang.Long, identifying=true}'}
2026-10-09T17:51:00.031 INFO  [batch-partition-3] o.s.batch.core.step.AbstractStep : Step: [transaccionWorkerStep:particion1] executed in 1s57ms
2026-10-09T17:51:00.046 INFO  [batch-partition-4] o.s.batch.core.step.AbstractStep : Step: [transaccionWorkerStep:particion0] executed in 1s71ms
2026-10-09T17:51:00.065 INFO  [batch-partition-2] o.s.batch.core.step.AbstractStep : Step: [transaccionWorkerStep:particion3] executed in 1s92ms
2026-10-09T17:51:00.078 INFO  [batch-partition-1] o.s.batch.core.step.AbstractStep : Step: [transaccionWorkerStep:particion2] executed in 1s112ms
2026-10-09T17:51:00.223 INFO  [main] c.d.b.b.c.l.JobMetricsListener : << FIN job [reporteTransaccionesDiariasJob] estado=COMPLETED duracion=1310 ms
2026-10-09T17:51:00.223 INFO  [main] c.d.b.b.c.l.JobMetricsListener :    - step [transaccionesPartitionStep] leidos=1000 escritos=392 omitidos(lectura/proceso/escritura)=0/608/0 estado=COMPLETED
2026-10-09T17:51:00.223 INFO  [main] c.d.b.b.c.l.JobMetricsListener :    - step [transaccionWorkerStep:particion0] leidos=250 escritos=99 omitidos(lectura/proceso/escritura)=0/151/0 estado=COMPLETED
2026-10-09T17:51:00.223 INFO  [main] c.d.b.b.c.l.JobMetricsListener :    - step [transaccionWorkerStep:particion1] leidos=250 escritos=105 omitidos(lectura/proceso/escritura)=0/145/0 estado=COMPLETED
2026-10-09T17:51:00.223 INFO  [main] c.d.b.b.c.l.JobMetricsListener :    - step [transaccionWorkerStep:particion2] leidos=250 escritos=89 omitidos(lectura/proceso/escritura)=0/161/0 estado=COMPLETED
2026-10-09T17:51:00.223 INFO  [main] c.d.b.b.c.l.JobMetricsListener :    - step [transaccionWorkerStep:particion3] leidos=250 escritos=99 omitidos(lectura/proceso/escritura)=0/151/0 estado=COMPLETED
2026-10-09T17:51:00.223 INFO  [main] c.d.b.b.c.l.JobMetricsListener :    - step [resumenTransaccionesStep] leidos=0 escritos=0 omitidos(lectura/proceso/escritura)=0/0/0 estado=COMPLETED
2026-10-09T17:51:00.223 INFO  [main] c.d.b.b.c.l.JobMetricsListener : >> RESULTADO: job [reporteTransaccionesDiariasJob] finalizado exitosamente.
2026-10-09T17:51:00.239 INFO  [main] c.d.b.b.c.l.JobMetricsListener : >> INICIO job [calculoInteresesMensualesJob] parametros={'intento':'{value=1, type=class java.lang.Long, identifying=true}','timestamp':'{value=1791568260229, type=class java.lang.Long, identifying=true}'}
2026-10-09T17:51:00.892 INFO  [batch-partition-4] o.s.batch.core.step.AbstractStep : Step: [interesWorkerStep:particion3] executed in 626ms
2026-10-09T17:51:00.896 INFO  [batch-partition-3] o.s.batch.core.step.AbstractStep : Step: [interesWorkerStep:particion2] executed in 627ms
2026-10-09T17:51:00.928 INFO  [batch-partition-2] o.s.batch.core.step.AbstractStep : Step: [interesWorkerStep:particion0] executed in 662ms
2026-10-09T17:51:00.928 INFO  [batch-partition-1] o.s.batch.core.step.AbstractStep : Step: [interesWorkerStep:particion1] executed in 655ms
2026-10-09T17:51:00.940 INFO  [main] c.d.b.b.c.l.JobMetricsListener : << FIN job [calculoInteresesMensualesJob] estado=COMPLETED duracion=702 ms
2026-10-09T17:51:00.940 INFO  [main] c.d.b.b.c.l.JobMetricsListener :    - step [interesesPartitionStep] leidos=1000 escritos=422 omitidos(lectura/proceso/escritura)=0/578/0 estado=COMPLETED
2026-10-09T17:51:00.940 INFO  [main] c.d.b.b.c.l.JobMetricsListener :    - step [interesWorkerStep:particion0] leidos=250 escritos=103 omitidos(lectura/proceso/escritura)=0/147/0 estado=COMPLETED
2026-10-09T17:51:00.940 INFO  [main] c.d.b.b.c.l.JobMetricsListener :    - step [interesWorkerStep:particion1] leidos=250 escritos=100 omitidos(lectura/proceso/escritura)=0/150/0 estado=COMPLETED
2026-10-09T17:51:00.940 INFO  [main] c.d.b.b.c.l.JobMetricsListener :    - step [interesWorkerStep:particion2] leidos=250 escritos=108 omitidos(lectura/proceso/escritura)=0/142/0 estado=COMPLETED
2026-10-09T17:51:00.940 INFO  [main] c.d.b.b.c.l.JobMetricsListener :    - step [interesWorkerStep:particion3] leidos=250 escritos=111 omitidos(lectura/proceso/escritura)=0/139/0 estado=COMPLETED
2026-10-09T17:51:00.940 INFO  [main] c.d.b.b.c.l.JobMetricsListener : >> RESULTADO: job [calculoInteresesMensualesJob] finalizado exitosamente.
2026-10-09T17:51:00.967 INFO  [main] c.d.b.b.c.l.JobMetricsListener : >> INICIO job [estadoCuentaAnualJob] parametros={'intento':'{value=1, type=class java.lang.Long, identifying=true}','timestamp':'{value=1791568260946, type=class java.lang.Long, identifying=true}'}
2026-10-09T17:51:01.506 INFO  [batch-partition-4] o.s.batch.core.step.AbstractStep : Step: [movimientoWorkerStep:particion0] executed in 513ms
2026-10-09T17:51:01.512 INFO  [batch-partition-3] o.s.batch.core.step.AbstractStep : Step: [movimientoWorkerStep:particion1] executed in 515ms
2026-10-09T17:51:01.519 INFO  [batch-partition-1] o.s.batch.core.step.AbstractStep : Step: [movimientoWorkerStep:particion3] executed in 518ms
2026-10-09T17:51:01.527 INFO  [batch-partition-2] o.s.batch.core.step.AbstractStep : Step: [movimientoWorkerStep:particion2] executed in 529ms
2026-10-09T17:51:01.638 INFO  [main] c.d.b.b.c.l.JobMetricsListener : << FIN job [estadoCuentaAnualJob] estado=COMPLETED duracion=688 ms
2026-10-09T17:51:01.638 INFO  [main] c.d.b.b.c.l.JobMetricsListener :    - step [cuentasAnualesPartitionStep] leidos=1000 escritos=604 omitidos(lectura/proceso/escritura)=0/396/0 estado=COMPLETED
2026-10-09T17:51:01.638 INFO  [main] c.d.b.b.c.l.JobMetricsListener :    - step [movimientoWorkerStep:particion0] leidos=250 escritos=151 omitidos(lectura/proceso/escritura)=0/99/0 estado=COMPLETED
2026-10-09T17:51:01.638 INFO  [main] c.d.b.b.c.l.JobMetricsListener :    - step [movimientoWorkerStep:particion1] leidos=250 escritos=161 omitidos(lectura/proceso/escritura)=0/89/0 estado=COMPLETED
2026-10-09T17:51:01.638 INFO  [main] c.d.b.b.c.l.JobMetricsListener :    - step [movimientoWorkerStep:particion2] leidos=250 escritos=146 omitidos(lectura/proceso/escritura)=0/104/0 estado=COMPLETED
2026-10-09T17:51:01.638 INFO  [main] c.d.b.b.c.l.JobMetricsListener :    - step [movimientoWorkerStep:particion3] leidos=250 escritos=146 omitidos(lectura/proceso/escritura)=0/104/0 estado=COMPLETED
2026-10-09T17:51:01.638 INFO  [main] c.d.b.b.c.l.JobMetricsListener :    - step [estadoCuentaAnualStep] leidos=0 escritos=0 omitidos(lectura/proceso/escritura)=0/0/0 estado=COMPLETED
2026-10-09T17:51:01.638 INFO  [main] c.d.b.b.c.l.JobMetricsListener : >> RESULTADO: job [estadoCuentaAnualJob] finalizado exitosamente.
2026-10-09T17:51:01.639 INFO  [main] c.d.b.batch.config.JobLauncherRunner : >> batch: todos los jobs solicitados completaron correctamente

Codigo de salida del proceso: 0


--- Las filas que se omitieron, y por que ---
Omitidas en total por los tres jobs: 1582
Las primeras quince, cada una con su motivo:
   2026-10-09T17:50:59.272 WARN  [batch-partition-2] c.d.b.b.c.l.AnomaliaSkipListener : [transacciones-diarias] Registro omitido en procesamiento: TransaccionCsv(id=751, fecha=26-09-2024, monto=, tipo=credito) -> id=751 monto inválido: ''
   2026-10-09T17:50:59.277 WARN  [batch-partition-1] c.d.b.b.c.l.AnomaliaSkipListener : [transacciones-diarias] Registro omitido en procesamiento: TransaccionCsv(id=502, fecha=04/12/2024, monto=-200, tipo=debito) -> id=502 monto inválido: '-200'
   2026-10-09T17:50:59.275 WARN  [batch-partition-4] c.d.b.b.c.l.AnomaliaSkipListener : [transacciones-diarias] Registro omitido en procesamiento: TransaccionCsv(id=1, fecha=2024/03/05, monto=1500, tipo=invalido) -> id=1 tipo de transacción fuera de dominio: 'invalido'
   2026-10-09T17:50:59.276 WARN  [batch-partition-3] c.d.b.b.c.l.AnomaliaSkipListener : [transacciones-diarias] Registro omitido en procesamiento: TransaccionCsv(id=252, fecha=24-12-2024, monto=1500, tipo=invalido) -> id=252 tipo de transacción fuera de dominio: 'invalido'
   2026-10-09T17:50:59.332 WARN  [batch-partition-4] c.d.b.b.c.l.AnomaliaSkipListener : [transacciones-diarias] Registro omitido en procesamiento: TransaccionCsv(id=3, fecha=02/04/2024, monto=-200, tipo=debito) -> id=3 monto inválido: '-200'
   2026-10-09T17:50:59.333 WARN  [batch-partition-3] c.d.b.b.c.l.AnomaliaSkipListener : [transacciones-diarias] Registro omitido en procesamiento: TransaccionCsv(id=253, fecha=29/02/2024, monto=1200, tipo=invalido) -> id=253 tipo de transacción fuera de dominio: 'invalido'
   2026-10-09T17:50:59.334 WARN  [batch-partition-3] c.d.b.b.c.l.AnomaliaSkipListener : [transacciones-diarias] Registro omitido en procesamiento: TransaccionCsv(id=255, fecha=2024/05/15, monto=1200, tipo=desconocido) -> id=255 tipo de transacción fuera de dominio: 'desconocido'
   2026-10-09T17:50:59.335 WARN  [batch-partition-3] c.d.b.b.c.l.AnomaliaSkipListener : [transacciones-diarias] Registro omitido en procesamiento: TransaccionCsv(id=256, fecha=27-09-2024, monto=1200, tipo=invalido) -> id=256 tipo de transacción fuera de dominio: 'invalido'
   2026-10-09T17:50:59.335 WARN  [batch-partition-3] c.d.b.b.c.l.AnomaliaSkipListener : [transacciones-diarias] Registro omitido en procesamiento: TransaccionCsv(id=257, fecha=2024-13-01, monto=800, tipo=credito) -> id=257 fecha no interpretable: '2024-13-01'
   2026-10-09T17:50:59.336 WARN  [batch-partition-3] c.d.b.b.c.l.AnomaliaSkipListener : [transacciones-diarias] Registro omitido en procesamiento: TransaccionCsv(id=261, fecha=2024-13-01, monto=, tipo=debito) -> id=261 fecha no interpretable: '2024-13-01'
   2026-10-09T17:50:59.336 WARN  [batch-partition-3] c.d.b.b.c.l.AnomaliaSkipListener : [transacciones-diarias] Registro omitido en procesamiento: TransaccionCsv(id=262, fecha=2024-13-01, monto=800, tipo=debito) -> id=262 fecha no interpretable: '2024-13-01'
   2026-10-09T17:50:59.337 WARN  [batch-partition-1] c.d.b.b.c.l.AnomaliaSkipListener : [transacciones-diarias] Registro omitido en procesamiento: TransaccionCsv(id=503, fecha=22/02/2024, monto=700, tipo=invalido) -> id=503 tipo de transacción fuera de dominio: 'invalido'
   2026-10-09T17:50:59.337 WARN  [batch-partition-1] c.d.b.b.c.l.AnomaliaSkipListener : [transacciones-diarias] Registro omitido en procesamiento: TransaccionCsv(id=504, fecha=2024-11-04, monto=1200, tipo=desconocido) -> id=504 tipo de transacción fuera de dominio: 'desconocido'
   2026-10-09T17:50:59.338 WARN  [batch-partition-1] c.d.b.b.c.l.AnomaliaSkipListener : [transacciones-diarias] Registro omitido en procesamiento: TransaccionCsv(id=506, fecha=2024/01/19, monto=1200, tipo=invalido) -> id=506 tipo de transacción fuera de dominio: 'invalido'
   2026-10-09T17:50:59.339 WARN  [batch-partition-1] c.d.b.b.c.l.AnomaliaSkipListener : [transacciones-diarias] Registro omitido en procesamiento: TransaccionCsv(id=507, fecha=15-05-2024, monto=700, tipo=invalido) -> id=507 tipo de transacción fuera de dominio: 'invalido'


--- Politica de finalizacion: un argumento invalido termina con codigo distinto de cero ---
Codigo de salida con --job=inexistente: 1

--- Escalado: la misma carga con distinto numero de particiones ---
El resultado tiene que ser el mismo en las tres: el paralelismo cambia
cuanto tarda, no que filas entran.
-- grid-size=1
2026-10-09T17:51:14.797 INFO  [main] c.d.b.b.c.l.JobMetricsListener : << FIN job [reporteTransaccionesDiariasJob] estado=COMPLETED duracion=1451 ms
2026-10-09T17:51:14.797 INFO  [main] c.d.b.b.c.l.JobMetricsListener :    - step [transaccionesPartitionStep] leidos=1000 escritos=392 omitidos(lectura/proceso/escritura)=0/608/0 estado=COMPLETED
-- grid-size=4
2026-10-09T17:51:22.298 INFO  [main] c.d.b.b.c.l.JobMetricsListener : << FIN job [reporteTransaccionesDiariasJob] estado=COMPLETED duracion=1306 ms
2026-10-09T17:51:22.298 INFO  [main] c.d.b.b.c.l.JobMetricsListener :    - step [transaccionesPartitionStep] leidos=1000 escritos=392 omitidos(lectura/proceso/escritura)=0/608/0 estado=COMPLETED
-- grid-size=8
2026-10-09T17:51:29.395 INFO  [main] c.d.b.b.c.l.JobMetricsListener : << FIN job [reporteTransaccionesDiariasJob] estado=COMPLETED duracion=1358 ms
2026-10-09T17:51:29.401 INFO  [main] c.d.b.b.c.l.JobMetricsListener :    - step [transaccionesPartitionStep] leidos=1000 escritos=392 omitidos(lectura/proceso/escritura)=0/608/0 estado=COMPLETED

--- Reejecucion automatica ante un fallo critico, y el codigo de salida ---
Se baja el limite de omisiones a 100 para provocar el fallo a proposito.
El archivo trae 608 filas invalidas, asi que el Step supera el tope y el
Job falla entero. Eso es lo que dispara la politica de reejecucion:

   2026-10-09T17:51:36.242 INFO  [main] c.d.b.b.c.l.JobMetricsListener : << FIN job [reporteTransaccionesDiariasJob] estado=FAILED duracion=949 ms
   2026-10-09T17:51:36.244 WARN  [main] c.d.b.batch.config.JobLauncherRunner : >> batch: el job [reporteTransaccionesDiariasJob] termino en FAILED - reintentando en 3000 ms (intento 2 de 2)
   2026-10-09T17:51:39.400 INFO  [main] c.d.b.b.c.l.JobMetricsListener : << FIN job [reporteTransaccionesDiariasJob] estado=FAILED duracion=145 ms
   2026-10-09T17:51:39.406 ERROR [main] c.d.b.batch.config.JobLauncherRunner : >> batch: 1 job(s) terminaron fallidos tras agotar los reintentos: reporteTransaccionesDiariasJob

   Codigo de salida del proceso: 1
   Distinto de cero, que es lo unico que un cron o un paso de CI mira.
   Sin eso, un batch que no proceso nada terminaria 'bien' y nadie se
   enteraria hasta que faltaran los datos.

--- Por que el limite de omisiones esta en 700 y no en 200 ---
El limite es por ejecucion de Step, no por archivo, y con
particionamiento cada particion lleva su propia cuenta. Con un limite
de 200 y las 608 filas invalidas de este archivo, el job fallaba con una
particion y pasaba con cuatro: el mismo archivo, el mismo limite y dos
resultados distintos segun el paralelismo. Calibrado en 700, el
resultado es el mismo con cualquier grid, que es lo que se ve arriba.
