 Image banco-xyz/clientes-service:1.0.0 Building 
 Image banco-xyz/pagos-service:1.0.0 Building 
 Image banco-xyz/bff-cajero:1.0.0 Building 
 Image banco-xyz/api-gateway:1.0.0 Building 
 Image banco-xyz/bff-web:1.0.0 Building 
 Image banco-xyz/bff-movil:1.0.0 Building 
 Image banco-xyz/auth-server:1.0.0 Building 
 Image banco-xyz/discovery-server:1.0.0 Building 
 Image banco-xyz/cuentas-service:1.0.0 Building 
 Image banco-xyz/broker-artemis:1.0.0 Building 
 Image banco-xyz/config-server:1.0.0 Building 
#1 [internal] load local bake definitions
#1 reading from stdin 9.12kB 0.0s done
#1 DONE 0.0s

#2 [auth-server internal] load build definition from Dockerfile
#2 transferring dockerfile: 3.15kB done
#2 DONE 0.0s

#3 [broker-artemis internal] load metadata for docker.io/library/eclipse-temurin:21-jre
#3 DONE 1.5s

#4 [discovery-server internal] load metadata for docker.io/library/maven:3.9-eclipse-temurin-21
#4 DONE 1.5s

#5 [cuentas-service internal] load .dockerignore
#5 transferring context: 494B done
#5 DONE 0.0s

#6 [bff-movil runtime 1/5] FROM docker.io/library/eclipse-temurin:21-jre@sha256:cff19e6215689161eb6162c11b86b0c60ddf802164f2eaf48d570f8fb79a36c5
#6 resolve docker.io/library/eclipse-temurin:21-jre@sha256:cff19e6215689161eb6162c11b86b0c60ddf802164f2eaf48d570f8fb79a36c5 0.0s done
#6 DONE 0.0s

#7 [bff-movil build  1/21] FROM docker.io/library/maven:3.9-eclipse-temurin-21@sha256:99e61abcff91a9b1333463bd8451fb18495d6eba9250ac66a338b518f8278320
#7 resolve docker.io/library/maven:3.9-eclipse-temurin-21@sha256:99e61abcff91a9b1333463bd8451fb18495d6eba9250ac66a338b518f8278320 0.0s done
#7 DONE 0.0s

#8 [api-gateway internal] load build context
#8 transferring context: 868.82kB 0.1s done
#8 DONE 0.1s

#9 [bff-web build 10/21] COPY auth-server/pom.xml auth-server/
#9 CACHED

#10 [bff-web build  6/21] COPY broker-artemis/pom.xml broker-artemis/
#10 CACHED

#11 [bff-web build  7/21] COPY broker-kafka/pom.xml broker-kafka/
#11 CACHED

#12 [bff-web build  5/21] COPY batch-migracion/pom.xml batch-migracion/
#12 CACHED

#13 [bff-web build  4/21] COPY common-dominio/pom.xml common-dominio/
#13 CACHED

#14 [bff-web build 18/21] COPY bff-cajero/pom.xml bff-cajero/
#14 CACHED

#15 [bff-web build 13/21] COPY pagos-service/pom.xml pagos-service/
#15 CACHED

#16 [bff-web build 12/21] COPY cuentas-service/pom.xml cuentas-service/
#16 CACHED

#17 [bff-web build 15/21] COPY bff-common/pom.xml bff-common/
#17 CACHED

#18 [bff-web build  2/21] WORKDIR /build
#18 CACHED

#19 [bff-web build  3/21] COPY pom.xml ./
#19 CACHED

#20 [bff-web build  8/21] COPY config-server/pom.xml config-server/
#20 CACHED

#21 [bff-web build 11/21] COPY api-gateway/pom.xml api-gateway/
#21 CACHED

#22 [bff-web build 17/21] COPY bff-movil/pom.xml bff-movil/
#22 CACHED

#23 [bff-web build 16/21] COPY bff-web/pom.xml bff-web/
#23 CACHED

#24 [bff-web build  9/21] COPY discovery-server/pom.xml discovery-server/
#24 CACHED

#25 [bff-web build 14/21] COPY clientes-service/pom.xml clientes-service/
#25 CACHED

#26 [bff-web build 19/21] RUN mvn -B -q dependency:go-offline -DskipTests || true
#26 CACHED

#27 [discovery-server build 20/21] COPY . .
#27 DONE 0.2s

#28 [auth-server build 21/21] RUN mvn -B clean package -DskipTests
#28 1.818 [INFO] Scanning for projects...
#28 2.271 [INFO] ------------------------------------------------------------------------
#28 2.271 [INFO] Reactor Build Order:
#28 2.271 [INFO] 
#28 2.272 [INFO] eft-backend-avanzado                                               [pom]
#28 2.273 [INFO] common-dominio                                                     [jar]
#28 2.273 [INFO] batch-migracion                                                    [jar]
#28 2.273 [INFO] broker-artemis                                                     [jar]
#28 2.273 [INFO] broker-kafka                                                       [jar]
#28 2.274 [INFO] config-server                                                      [jar]
#28 2.274 [INFO] discovery-server                                                   [jar]
#28 2.274 [INFO] auth-server                                                        [jar]
#28 2.274 [INFO] api-gateway                                                        [jar]
#28 2.274 [INFO] cuentas-service                                                    [jar]
#28 2.274 [INFO] pagos-service                                                      [jar]
#28 2.274 [INFO] clientes-service                                                   [jar]
#28 2.274 [INFO] bff-common                                                         [jar]
#28 2.274 [INFO] bff-web                                                            [jar]
#28 2.274 [INFO] bff-movil                                                          [jar]
#28 2.275 [INFO] bff-cajero                                                         [jar]
#28 2.287 [INFO] 
#28 2.287 [INFO] ---------------< cl.duoc.bancoxyz:eft-backend-avanzado >----------------
#28 2.287 [INFO] Building eft-backend-avanzado 1.0.0                               [1/16]
#28 2.287 [INFO]   from pom.xml
#28 2.288 [INFO] --------------------------------[ pom ]---------------------------------
#28 2.321 [INFO] 
#28 2.321 [INFO] --- clean:3.3.2:clean (default-clean) @ eft-backend-avanzado ---
#28 2.391 [INFO] 
#28 2.391 [INFO] ------------------< cl.duoc.bancoxyz:common-dominio >-------------------
#28 2.391 [INFO] Building common-dominio 1.0.0                                     [2/16]
#28 2.391 [INFO]   from common-dominio/pom.xml
#28 2.391 [INFO] --------------------------------[ jar ]---------------------------------
#28 2.629 [INFO] 
#28 2.629 [INFO] --- clean:3.3.2:clean (default-clean) @ common-dominio ---
#28 2.631 [INFO] 
#28 2.632 [INFO] --- resources:3.3.1:resources (default-resources) @ common-dominio ---
#28 2.802 [INFO] Copying 0 resource from src/main/resources to target/classes
#28 2.803 [INFO] Copying 0 resource from src/main/resources to target/classes
#28 2.804 [INFO] 
#28 2.804 [INFO] --- compiler:3.13.0:compile (default-compile) @ common-dominio ---
#28 2.934 [INFO] Recompiling the module because of changed source code.
#28 2.959 [INFO] Compiling 20 source files with javac [debug parameters release 21] to target/classes
#28 3.886 [INFO] 
#28 3.886 [INFO] --- resources:3.3.1:testResources (default-testResources) @ common-dominio ---
#28 3.893 [INFO] skip non existing resourceDirectory /build/common-dominio/src/test/resources
#28 3.893 [INFO] 
#28 3.893 [INFO] --- compiler:3.13.0:testCompile (default-testCompile) @ common-dominio ---
#28 3.909 [INFO] Recompiling the module because of changed dependency.
#28 3.911 [INFO] 
#28 3.911 [INFO] --- surefire:3.2.5:test (default-test) @ common-dominio ---
#28 4.129 [INFO] Tests are skipped.
#28 4.129 [INFO] 
#28 4.130 [INFO] --- jar:3.4.2:jar (default-jar) @ common-dominio ---
#28 4.367 [INFO] Building jar: /build/common-dominio/target/common-dominio-1.0.0.jar
#28 4.423 [INFO] 
#28 4.423 [INFO] ------------------< cl.duoc.bancoxyz:batch-migracion >------------------
#28 4.423 [INFO] Building batch-migracion 1.0.0                                    [3/16]
#28 4.424 [INFO]   from batch-migracion/pom.xml
#28 4.424 [INFO] --------------------------------[ jar ]---------------------------------
#28 4.707 [INFO] Downloading from central: https://repo.maven.apache.org/maven2/com/fasterxml/classmate/1.7.0/classmate-1.7.0.pom
#28 5.067 [INFO] Downloaded from central: https://repo.maven.apache.org/maven2/com/fasterxml/classmate/1.7.0/classmate-1.7.0.pom (7.0 kB at 19 kB/s)
#28 5.074 [INFO] Downloading from central: https://repo.maven.apache.org/maven2/net/bytebuddy/byte-buddy/1.14.19/byte-buddy-1.14.19.pom
#28 5.111 [INFO] Downloaded from central: https://repo.maven.apache.org/maven2/net/bytebuddy/byte-buddy/1.14.19/byte-buddy-1.14.19.pom (16 kB at 442 kB/s)
#28 5.114 [INFO] Downloading from central: https://repo.maven.apache.org/maven2/net/bytebuddy/byte-buddy-parent/1.14.19/byte-buddy-parent-1.14.19.pom
#28 5.149 [INFO] Downloaded from central: https://repo.maven.apache.org/maven2/net/bytebuddy/byte-buddy-parent/1.14.19/byte-buddy-parent-1.14.19.pom (62 kB at 1.8 MB/s)
#28 5.233 [INFO] Downloading from central: https://repo.maven.apache.org/maven2/net/bytebuddy/byte-buddy-agent/1.14.19/byte-buddy-agent-1.14.19.pom
#28 5.265 [INFO] Downloaded from central: https://repo.maven.apache.org/maven2/net/bytebuddy/byte-buddy-agent/1.14.19/byte-buddy-agent-1.14.19.pom (10 kB at 317 kB/s)
#28 5.303 [INFO] Downloading from central: https://repo.maven.apache.org/maven2/com/fasterxml/classmate/1.7.0/classmate-1.7.0.jar
#28 5.344 [INFO] Downloaded from central: https://repo.maven.apache.org/maven2/com/fasterxml/classmate/1.7.0/classmate-1.7.0.jar (69 kB at 1.6 MB/s)
#28 5.345 [INFO] Downloading from central: https://repo.maven.apache.org/maven2/net/bytebuddy/byte-buddy/1.14.19/byte-buddy-1.14.19.jar
#28 5.346 [INFO] Downloading from central: https://repo.maven.apache.org/maven2/net/bytebuddy/byte-buddy-agent/1.14.19/byte-buddy-agent-1.14.19.jar
#28 5.464 [INFO] Downloaded from central: https://repo.maven.apache.org/maven2/net/bytebuddy/byte-buddy-agent/1.14.19/byte-buddy-agent-1.14.19.jar (263 kB at 2.2 MB/s)
#28 5.592 [INFO] Downloaded from central: https://repo.maven.apache.org/maven2/net/bytebuddy/byte-buddy/1.14.19/byte-buddy-1.14.19.jar (4.2 MB at 17 MB/s)
#28 5.597 [INFO] 
#28 5.597 [INFO] --- clean:3.3.2:clean (default-clean) @ batch-migracion ---
#28 5.600 [INFO] 
#28 5.600 [INFO] --- resources:3.3.1:resources (default-resources) @ batch-migracion ---
#28 5.603 [INFO] Copying 3 resources from src/main/resources to target/classes
#28 5.620 [INFO] Copying 4 resources from src/main/resources to target/classes
#28 5.622 [INFO] 
#28 5.622 [INFO] --- compiler:3.13.0:compile (default-compile) @ batch-migracion ---
#28 5.636 [INFO] Recompiling the module because of changed source code.
#28 5.637 [INFO] Compiling 32 source files with javac [debug parameters release 21] to target/classes
#28 7.045 [INFO] 
#28 7.045 [INFO] --- resources:3.3.1:testResources (default-testResources) @ batch-migracion ---
#28 7.050 [INFO] skip non existing resourceDirectory /build/batch-migracion/src/test/resources
#28 7.050 [INFO] 
#28 7.050 [INFO] --- compiler:3.13.0:testCompile (default-testCompile) @ batch-migracion ---
#28 7.060 [INFO] Recompiling the module because of changed dependency.
#28 7.062 [INFO] Compiling 4 source files with javac [debug parameters release 21] to target/test-classes
#28 7.572 [INFO] 
#28 7.572 [INFO] --- surefire:3.2.5:test (default-test) @ batch-migracion ---
#28 7.580 [INFO] Tests are skipped.
#28 7.580 [INFO] 
#28 7.580 [INFO] --- jar:3.4.2:jar (default-jar) @ batch-migracion ---
#28 7.597 [INFO] Building jar: /build/batch-migracion/target/batch-migracion.jar
#28 7.624 [INFO] 
#28 7.624 [INFO] --- spring-boot:3.3.4:repackage (repackage) @ batch-migracion ---
#28 8.159 [INFO] Replacing main artifact /build/batch-migracion/target/batch-migracion.jar with repackaged archive, adding nested dependencies in BOOT-INF/.
#28 8.159 [INFO] The original artifact has been renamed to /build/batch-migracion/target/batch-migracion.jar.original
#28 8.159 [INFO] 
#28 8.159 [INFO] ------------------< cl.duoc.bancoxyz:broker-artemis >-------------------
#28 8.159 [INFO] Building broker-artemis 1.0.0                                     [4/16]
#28 8.160 [INFO]   from broker-artemis/pom.xml
#28 8.160 [INFO] --------------------------------[ jar ]---------------------------------
#28 8.182 [INFO] Downloading from central: https://repo.maven.apache.org/maven2/io/netty/netty-buffer/4.1.113.Final/netty-buffer-4.1.113.Final.pom
#28 8.215 [INFO] Downloaded from central: https://repo.maven.apache.org/maven2/io/netty/netty-buffer/4.1.113.Final/netty-buffer-4.1.113.Final.pom (1.6 kB at 48 kB/s)
#28 8.217 [INFO] Downloading from central: https://repo.maven.apache.org/maven2/io/netty/netty-parent/4.1.113.Final/netty-parent-4.1.113.Final.pom
#28 8.248 [INFO] Downloaded from central: https://repo.maven.apache.org/maven2/io/netty/netty-parent/4.1.113.Final/netty-parent-4.1.113.Final.pom (90 kB at 2.9 MB/s)
#28 8.253 [INFO] Downloading from central: https://repo.maven.apache.org/maven2/io/netty/netty-common/4.1.113.Final/netty-common-4.1.113.Final.pom
#28 8.281 [INFO] Downloaded from central: https://repo.maven.apache.org/maven2/io/netty/netty-common/4.1.113.Final/netty-common-4.1.113.Final.pom (12 kB at 407 kB/s)
#28 8.294 [INFO] Downloading from central: https://repo.maven.apache.org/maven2/io/netty/netty-transport-native-epoll/4.1.113.Final/netty-transport-native-epoll-4.1.113.Final.pom
#28 8.321 [INFO] Downloaded from central: https://repo.maven.apache.org/maven2/io/netty/netty-transport-native-epoll/4.1.113.Final/netty-transport-native-epoll-4.1.113.Final.pom (27 kB at 989 kB/s)
#28 8.324 [INFO] Downloading from central: https://repo.maven.apache.org/maven2/io/netty/netty-transport/4.1.113.Final/netty-transport-4.1.113.Final.pom
#28 8.354 [INFO] Downloaded from central: https://repo.maven.apache.org/maven2/io/netty/netty-transport/4.1.113.Final/netty-transport-4.1.113.Final.pom (2.2 kB at 72 kB/s)
#28 8.358 [INFO] Downloading from central: https://repo.maven.apache.org/maven2/io/netty/netty-resolver/4.1.113.Final/netty-resolver-4.1.113.Final.pom
#28 8.385 [INFO] Downloaded from central: https://repo.maven.apache.org/maven2/io/netty/netty-resolver/4.1.113.Final/netty-resolver-4.1.113.Final.pom (1.6 kB at 59 kB/s)
#28 8.389 [INFO] Downloading from central: https://repo.maven.apache.org/maven2/io/netty/netty-transport-native-unix-common/4.1.113.Final/netty-transport-native-unix-common-4.1.113.Final.pom
#28 8.414 [INFO] Downloaded from central: https://repo.maven.apache.org/maven2/io/netty/netty-transport-native-unix-common/4.1.113.Final/netty-transport-native-unix-common-4.1.113.Final.pom (33 kB at 1.3 MB/s)
#28 8.419 [INFO] Downloading from central: https://repo.maven.apache.org/maven2/io/netty/netty-transport-classes-epoll/4.1.113.Final/netty-transport-classes-epoll-4.1.113.Final.pom
#28 8.443 [INFO] Downloaded from central: https://repo.maven.apache.org/maven2/io/netty/netty-transport-classes-epoll/4.1.113.Final/netty-transport-classes-epoll-4.1.113.Final.pom (2.1 kB at 85 kB/s)
#28 8.447 [INFO] Downloading from central: https://repo.maven.apache.org/maven2/io/netty/netty-transport-native-kqueue/4.1.113.Final/netty-transport-native-kqueue-4.1.113.Final.pom
#28 8.474 [INFO] Downloaded from central: https://repo.maven.apache.org/maven2/io/netty/netty-transport-native-kqueue/4.1.113.Final/netty-transport-native-kqueue-4.1.113.Final.pom (31 kB at 1.1 MB/s)
#28 8.477 [INFO] Downloading from central: https://repo.maven.apache.org/maven2/io/netty/netty-transport-classes-kqueue/4.1.113.Final/netty-transport-classes-kqueue-4.1.113.Final.pom
#28 8.503 [INFO] Downloaded from central: https://repo.maven.apache.org/maven2/io/netty/netty-transport-classes-kqueue/4.1.113.Final/netty-transport-classes-kqueue-4.1.113.Final.pom (2.1 kB at 82 kB/s)
#28 8.507 [INFO] Downloading from central: https://repo.maven.apache.org/maven2/io/netty/netty-codec-http/4.1.113.Final/netty-codec-http-4.1.113.Final.pom
#28 8.533 [INFO] Downloaded from central: https://repo.maven.apache.org/maven2/io/netty/netty-codec-http/4.1.113.Final/netty-codec-http-4.1.113.Final.pom (4.4 kB at 168 kB/s)
#28 8.537 [INFO] Downloading from central: https://repo.maven.apache.org/maven2/io/netty/netty-codec/4.1.113.Final/netty-codec-4.1.113.Final.pom
#28 8.562 [INFO] Downloaded from central: https://repo.maven.apache.org/maven2/io/netty/netty-codec/4.1.113.Final/netty-codec-4.1.113.Final.pom (5.5 kB at 210 kB/s)
#28 8.566 [INFO] Downloading from central: https://repo.maven.apache.org/maven2/io/netty/netty-handler/4.1.113.Final/netty-handler-4.1.113.Final.pom
#28 8.604 [INFO] Downloaded from central: https://repo.maven.apache.org/maven2/io/netty/netty-handler/4.1.113.Final/netty-handler-4.1.113.Final.pom (4.6 kB at 122 kB/s)
#28 8.607 [INFO] Downloading from central: https://repo.maven.apache.org/maven2/io/netty/netty-handler-proxy/4.1.113.Final/netty-handler-proxy-4.1.113.Final.pom
#28 8.645 [INFO] Downloaded from central: https://repo.maven.apache.org/maven2/io/netty/netty-handler-proxy/4.1.113.Final/netty-handler-proxy-4.1.113.Final.pom (3.6 kB at 96 kB/s)
#28 8.648 [INFO] Downloading from central: https://repo.maven.apache.org/maven2/io/netty/netty-codec-socks/4.1.113.Final/netty-codec-socks-4.1.113.Final.pom
#28 8.673 [INFO] Downloaded from central: https://repo.maven.apache.org/maven2/io/netty/netty-codec-socks/4.1.113.Final/netty-codec-socks-4.1.113.Final.pom (2.5 kB at 98 kB/s)
#28 8.700 [INFO] Downloading from central: https://repo.maven.apache.org/maven2/org/apache/commons/commons-dbcp2/2.12.0/commons-dbcp2-2.12.0.pom
#28 8.727 [INFO] Downloaded from central: https://repo.maven.apache.org/maven2/org/apache/commons/commons-dbcp2/2.12.0/commons-dbcp2-2.12.0.pom (18 kB at 629 kB/s)
#28 8.774 [INFO] Downloading from central: https://repo.maven.apache.org/maven2/io/netty/netty-transport-native-epoll/4.1.113.Final/netty-transport-native-epoll-4.1.113.Final-linux-x86_64.jar
#28 8.805 [INFO] Downloaded from central: https://repo.maven.apache.org/maven2/io/netty/netty-transport-native-epoll/4.1.113.Final/netty-transport-native-epoll-4.1.113.Final-linux-x86_64.jar (40 kB at 1.3 MB/s)
#28 8.806 [INFO] Downloading from central: https://repo.maven.apache.org/maven2/io/netty/netty-transport-native-unix-common/4.1.113.Final/netty-transport-native-unix-common-4.1.113.Final.jar
#28 8.806 [INFO] Downloading from central: https://repo.maven.apache.org/maven2/io/netty/netty-transport-classes-epoll/4.1.113.Final/netty-transport-classes-epoll-4.1.113.Final.jar
#28 8.806 [INFO] Downloading from central: https://repo.maven.apache.org/maven2/io/netty/netty-transport-native-kqueue/4.1.113.Final/netty-transport-native-kqueue-4.1.113.Final-osx-x86_64.jar
#28 8.806 [INFO] Downloading from central: https://repo.maven.apache.org/maven2/io/netty/netty-transport-classes-kqueue/4.1.113.Final/netty-transport-classes-kqueue-4.1.113.Final.jar
#28 8.807 [INFO] Downloading from central: https://repo.maven.apache.org/maven2/io/netty/netty-codec-http/4.1.113.Final/netty-codec-http-4.1.113.Final.jar
#28 8.836 [INFO] Downloaded from central: https://repo.maven.apache.org/maven2/io/netty/netty-transport-native-kqueue/4.1.113.Final/netty-transport-native-kqueue-4.1.113.Final-osx-x86_64.jar (25 kB at 836 kB/s)
#28 8.836 [INFO] Downloading from central: https://repo.maven.apache.org/maven2/io/netty/netty-buffer/4.1.113.Final/netty-buffer-4.1.113.Final.jar
#28 8.841 [INFO] Downloaded from central: https://repo.maven.apache.org/maven2/io/netty/netty-transport-classes-epoll/4.1.113.Final/netty-transport-classes-epoll-4.1.113.Final.jar (148 kB at 4.1 MB/s)
#28 8.841 [INFO] Downloading from central: https://repo.maven.apache.org/maven2/io/netty/netty-transport/4.1.113.Final/netty-transport-4.1.113.Final.jar
#28 8.880 [INFO] Downloaded from central: https://repo.maven.apache.org/maven2/io/netty/netty-transport-native-unix-common/4.1.113.Final/netty-transport-native-unix-common-4.1.113.Final.jar (44 kB at 589 kB/s)
#28 8.880 [INFO] Downloading from central: https://repo.maven.apache.org/maven2/io/netty/netty-handler/4.1.113.Final/netty-handler-4.1.113.Final.jar
#28 8.896 [INFO] Downloaded from central: https://repo.maven.apache.org/maven2/io/netty/netty-transport/4.1.113.Final/netty-transport-4.1.113.Final.jar (521 kB at 5.9 MB/s)
#28 8.896 [INFO] Downloading from central: https://repo.maven.apache.org/maven2/io/netty/netty-handler-proxy/4.1.113.Final/netty-handler-proxy-4.1.113.Final.jar
#28 8.898 [INFO] Downloaded from central: https://repo.maven.apache.org/maven2/io/netty/netty-transport-classes-kqueue/4.1.113.Final/netty-transport-classes-kqueue-4.1.113.Final.jar (109 kB at 1.2 MB/s)
#28 8.899 [INFO] Downloading from central: https://repo.maven.apache.org/maven2/io/netty/netty-codec/4.1.113.Final/netty-codec-4.1.113.Final.jar
#28 8.902 [INFO] Downloaded from central: https://repo.maven.apache.org/maven2/io/netty/netty-buffer/4.1.113.Final/netty-buffer-4.1.113.Final.jar (337 kB at 3.5 MB/s)
#28 8.902 [INFO] Downloading from central: https://repo.maven.apache.org/maven2/io/netty/netty-codec-socks/4.1.113.Final/netty-codec-socks-4.1.113.Final.jar
#28 8.926 [INFO] Downloaded from central: https://repo.maven.apache.org/maven2/io/netty/netty-handler-proxy/4.1.113.Final/netty-handler-proxy-4.1.113.Final.jar (26 kB at 217 kB/s)
#28 8.926 [INFO] Downloading from central: https://repo.maven.apache.org/maven2/io/netty/netty-common/4.1.113.Final/netty-common-4.1.113.Final.jar
#28 8.937 [INFO] Downloaded from central: https://repo.maven.apache.org/maven2/io/netty/netty-codec-http/4.1.113.Final/netty-codec-http-4.1.113.Final.jar (668 kB at 5.1 MB/s)
#28 8.937 [INFO] Downloading from central: https://repo.maven.apache.org/maven2/io/netty/netty-resolver/4.1.113.Final/netty-resolver-4.1.113.Final.jar
#28 8.950 [INFO] Downloaded from central: https://repo.maven.apache.org/maven2/io/netty/netty-codec-socks/4.1.113.Final/netty-codec-socks-4.1.113.Final.jar (121 kB at 852 kB/s)
#28 8.950 [INFO] Downloading from central: https://repo.maven.apache.org/maven2/org/apache/commons/commons-dbcp2/2.12.0/commons-dbcp2-2.12.0.jar
#28 8.974 [INFO] Downloaded from central: https://repo.maven.apache.org/maven2/io/netty/netty-codec/4.1.113.Final/netty-codec-4.1.113.Final.jar (352 kB at 2.1 MB/s)
#28 8.978 [INFO] Downloaded from central: https://repo.maven.apache.org/maven2/io/netty/netty-handler/4.1.113.Final/netty-handler-4.1.113.Final.jar (571 kB at 3.3 MB/s)
#28 9.001 [INFO] Downloaded from central: https://repo.maven.apache.org/maven2/io/netty/netty-resolver/4.1.113.Final/netty-resolver-4.1.113.Final.jar (38 kB at 195 kB/s)
#28 9.002 [INFO] Downloaded from central: https://repo.maven.apache.org/maven2/io/netty/netty-common/4.1.113.Final/netty-common-4.1.113.Final.jar (695 kB at 3.6 MB/s)
#28 9.005 [INFO] Downloaded from central: https://repo.maven.apache.org/maven2/org/apache/commons/commons-dbcp2/2.12.0/commons-dbcp2-2.12.0.jar (218 kB at 1.1 MB/s)
#28 9.015 [INFO] 
#28 9.015 [INFO] --- clean:3.3.2:clean (default-clean) @ broker-artemis ---
#28 9.017 [INFO] 
#28 9.017 [INFO] --- resources:3.3.1:resources (default-resources) @ broker-artemis ---
#28 9.020 [INFO] Copying 1 resource from src/main/resources to target/classes
#28 9.021 [INFO] Copying 0 resource from src/main/resources to target/classes
#28 9.021 [INFO] 
#28 9.022 [INFO] --- compiler:3.13.0:compile (default-compile) @ broker-artemis ---
#28 9.028 [INFO] Recompiling the module because of changed source code.
#28 9.029 [INFO] Compiling 2 source files with javac [debug parameters release 21] to target/classes
#28 9.346 [INFO] /build/broker-artemis/src/main/java/cl/duoc/bancoxyz/broker/BrokerArtemisApplication.java: /build/broker-artemis/src/main/java/cl/duoc/bancoxyz/broker/BrokerArtemisApplication.java uses or overrides a deprecated API.
#28 9.346 [INFO] /build/broker-artemis/src/main/java/cl/duoc/bancoxyz/broker/BrokerArtemisApplication.java: Recompile with -Xlint:deprecation for details.
#28 9.346 [INFO] 
#28 9.346 [INFO] --- resources:3.3.1:testResources (default-testResources) @ broker-artemis ---
#28 9.348 [INFO] skip non existing resourceDirectory /build/broker-artemis/src/test/resources
#28 9.348 [INFO] 
#28 9.348 [INFO] --- compiler:3.13.0:testCompile (default-testCompile) @ broker-artemis ---
#28 9.351 [INFO] No sources to compile
#28 9.351 [INFO] 
#28 9.351 [INFO] --- surefire:3.2.5:test (default-test) @ broker-artemis ---
#28 9.354 [INFO] Tests are skipped.
#28 9.354 [INFO] 
#28 9.354 [INFO] --- jar:3.4.2:jar (default-jar) @ broker-artemis ---
#28 9.359 [INFO] Building jar: /build/broker-artemis/target/broker-artemis.jar
#28 9.363 [INFO] 
#28 9.363 [INFO] --- spring-boot:3.3.4:repackage (repackage) @ broker-artemis ---
#28 9.601 [INFO] Replacing main artifact /build/broker-artemis/target/broker-artemis.jar with repackaged archive, adding nested dependencies in BOOT-INF/.
#28 9.601 [INFO] The original artifact has been renamed to /build/broker-artemis/target/broker-artemis.jar.original
#28 9.601 [INFO] 
#28 9.601 [INFO] -------------------< cl.duoc.bancoxyz:broker-kafka >--------------------
#28 9.601 [INFO] Building broker-kafka 1.0.0                                       [5/16]
#28 9.601 [INFO]   from broker-kafka/pom.xml
#28 9.601 [INFO] --------------------------------[ jar ]---------------------------------
#28 9.644 [INFO] Downloading from central: https://repo.maven.apache.org/maven2/org/checkerframework/checker-qual/3.37.0/checker-qual-3.37.0.pom
#28 9.679 [INFO] Downloaded from central: https://repo.maven.apache.org/maven2/org/checkerframework/checker-qual/3.37.0/checker-qual-3.37.0.pom (2.1 kB at 58 kB/s)
#28 9.681 [INFO] Downloading from central: https://repo.maven.apache.org/maven2/com/google/errorprone/error_prone_annotations/2.21.1/error_prone_annotations-2.21.1.pom
#28 9.709 [INFO] Downloaded from central: https://repo.maven.apache.org/maven2/com/google/errorprone/error_prone_annotations/2.21.1/error_prone_annotations-2.21.1.pom (1.8 kB at 68 kB/s)
#28 9.711 [INFO] Downloading from central: https://repo.maven.apache.org/maven2/com/google/errorprone/error_prone_parent/2.21.1/error_prone_parent-2.21.1.pom
#28 9.742 [INFO] Downloaded from central: https://repo.maven.apache.org/maven2/com/google/errorprone/error_prone_parent/2.21.1/error_prone_parent-2.21.1.pom (13 kB at 413 kB/s)
#28 9.755 [INFO] Downloading from central: https://repo.maven.apache.org/maven2/com/fasterxml/jackson/module/jackson-module-scala_2.13/2.17.2/jackson-module-scala_2.13-2.17.2.pom
#28 9.781 [INFO] Downloaded from central: https://repo.maven.apache.org/maven2/com/fasterxml/jackson/module/jackson-module-scala_2.13/2.17.2/jackson-module-scala_2.13-2.17.2.pom (4.9 kB at 189 kB/s)
#28 9.784 [INFO] Downloading from central: https://repo.maven.apache.org/maven2/org/scala-lang/scala-library/2.13.13/scala-library-2.13.13.pom
#28 9.813 [INFO] Downloaded from central: https://repo.maven.apache.org/maven2/org/scala-lang/scala-library/2.13.13/scala-library-2.13.13.pom (1.6 kB at 55 kB/s)
#28 9.818 [INFO] Downloading from central: https://repo.maven.apache.org/maven2/com/fasterxml/jackson/dataformat/jackson-dataformat-csv/2.17.2/jackson-dataformat-csv-2.17.2.pom
#28 9.850 [INFO] Downloaded from central: https://repo.maven.apache.org/maven2/com/fasterxml/jackson/dataformat/jackson-dataformat-csv/2.17.2/jackson-dataformat-csv-2.17.2.pom (3.0 kB at 92 kB/s)
#28 9.852 [INFO] Downloading from central: https://repo.maven.apache.org/maven2/com/fasterxml/jackson/dataformat/jackson-dataformats-text/2.17.2/jackson-dataformats-text-2.17.2.pom
#28 9.879 [INFO] Downloaded from central: https://repo.maven.apache.org/maven2/com/fasterxml/jackson/dataformat/jackson-dataformats-text/2.17.2/jackson-dataformats-text-2.17.2.pom (3.5 kB at 129 kB/s)
#28 9.919 [INFO] Downloading from central: https://repo.maven.apache.org/maven2/io/netty/netty-transport-native-epoll/4.1.113.Final/netty-transport-native-epoll-4.1.113.Final.jar
#28 9.949 [INFO] Downloaded from central: https://repo.maven.apache.org/maven2/io/netty/netty-transport-native-epoll/4.1.113.Final/netty-transport-native-epoll-4.1.113.Final.jar (6.1 kB at 203 kB/s)
#28 9.950 [INFO] Downloading from central: https://repo.maven.apache.org/maven2/org/checkerframework/checker-qual/3.37.0/checker-qual-3.37.0.jar
#28 9.950 [INFO] Downloading from central: https://repo.maven.apache.org/maven2/com/google/errorprone/error_prone_annotations/2.21.1/error_prone_annotations-2.21.1.jar
#28 9.950 [INFO] Downloading from central: https://repo.maven.apache.org/maven2/com/fasterxml/jackson/module/jackson-module-scala_2.13/2.17.2/jackson-module-scala_2.13-2.17.2.jar
#28 9.951 [INFO] Downloading from central: https://repo.maven.apache.org/maven2/com/fasterxml/jackson/dataformat/jackson-dataformat-csv/2.17.2/jackson-dataformat-csv-2.17.2.jar
#28 9.988 [INFO] Downloaded from central: https://repo.maven.apache.org/maven2/com/google/errorprone/error_prone_annotations/2.21.1/error_prone_annotations-2.21.1.jar (17 kB at 432 kB/s)
#28 9.988 [INFO] Downloaded from central: https://repo.maven.apache.org/maven2/org/checkerframework/checker-qual/3.37.0/checker-qual-3.37.0.jar (224 kB at 5.8 MB/s)
#28 9.990 [INFO] Downloaded from central: https://repo.maven.apache.org/maven2/com/fasterxml/jackson/dataformat/jackson-dataformat-csv/2.17.2/jackson-dataformat-csv-2.17.2.jar (103 kB at 2.6 MB/s)
#28 10.00 [INFO] Downloaded from central: https://repo.maven.apache.org/maven2/com/fasterxml/jackson/module/jackson-module-scala_2.13/2.17.2/jackson-module-scala_2.13-2.17.2.jar (521 kB at 9.6 MB/s)
#28 10.01 [INFO] 
#28 10.01 [INFO] --- clean:3.3.2:clean (default-clean) @ broker-kafka ---
#28 10.01 [INFO] 
#28 10.01 [INFO] --- resources:3.3.1:resources (default-resources) @ broker-kafka ---
#28 10.02 [INFO] Copying 1 resource from src/main/resources to target/classes
#28 10.02 [INFO] Copying 0 resource from src/main/resources to target/classes
#28 10.02 [INFO] 
#28 10.02 [INFO] --- compiler:3.13.0:compile (default-compile) @ broker-kafka ---
#28 10.02 [INFO] Recompiling the module because of changed dependency.
#28 10.02 [INFO] Compiling 2 source files with javac [debug parameters release 21] to target/classes
#28 10.14 [INFO] 
#28 10.14 [INFO] --- resources:3.3.1:testResources (default-testResources) @ broker-kafka ---
#28 10.15 [INFO] skip non existing resourceDirectory /build/broker-kafka/src/test/resources
#28 10.15 [INFO] 
#28 10.15 [INFO] --- compiler:3.13.0:testCompile (default-testCompile) @ broker-kafka ---
#28 10.15 [INFO] No sources to compile
#28 10.15 [INFO] 
#28 10.15 [INFO] --- surefire:3.2.5:test (default-test) @ broker-kafka ---
#28 10.15 [INFO] Tests are skipped.
#28 10.15 [INFO] 
#28 10.15 [INFO] --- jar:3.4.2:jar (default-jar) @ broker-kafka ---
#28 10.16 [INFO] Building jar: /build/broker-kafka/target/broker-kafka.jar
#28 10.16 [INFO] 
#28 10.16 [INFO] --- spring-boot:3.3.4:repackage (repackage) @ broker-kafka ---
#28 10.62 [INFO] Replacing main artifact /build/broker-kafka/target/broker-kafka.jar with repackaged archive, adding nested dependencies in BOOT-INF/.
#28 10.62 [INFO] The original artifact has been renamed to /build/broker-kafka/target/broker-kafka.jar.original
#28 10.62 [INFO] 
#28 10.62 [INFO] -------------------< cl.duoc.bancoxyz:config-server >-------------------
#28 10.62 [INFO] Building config-server 1.0.0                                      [6/16]
#28 10.62 [INFO]   from config-server/pom.xml
#28 10.62 [INFO] --------------------------------[ jar ]---------------------------------
#28 10.68 [INFO] Downloading from central: https://repo.maven.apache.org/maven2/org/apache/httpcomponents/core5/httpcore5/5.2.5/httpcore5-5.2.5.pom
#28 10.71 [INFO] Downloaded from central: https://repo.maven.apache.org/maven2/org/apache/httpcomponents/core5/httpcore5/5.2.5/httpcore5-5.2.5.pom (3.9 kB at 127 kB/s)
#28 10.72 [INFO] Downloading from central: https://repo.maven.apache.org/maven2/org/apache/httpcomponents/core5/httpcore5-parent/5.2.5/httpcore5-parent-5.2.5.pom
#28 10.74 [INFO] Downloaded from central: https://repo.maven.apache.org/maven2/org/apache/httpcomponents/core5/httpcore5-parent/5.2.5/httpcore5-parent-5.2.5.pom (14 kB at 508 kB/s)
#28 10.75 [INFO] Downloading from central: https://repo.maven.apache.org/maven2/org/apache/httpcomponents/core5/httpcore5-h2/5.2.5/httpcore5-h2-5.2.5.pom
#28 10.77 [INFO] Downloaded from central: https://repo.maven.apache.org/maven2/org/apache/httpcomponents/core5/httpcore5-h2/5.2.5/httpcore5-h2-5.2.5.pom (3.6 kB at 134 kB/s)
#28 10.78 [INFO] Downloading from central: https://repo.maven.apache.org/maven2/org/springframework/boot/spring-boot-starter-validation/3.3.4/spring-boot-starter-validation-3.3.4.pom
#28 10.80 [INFO] Downloaded from central: https://repo.maven.apache.org/maven2/org/springframework/boot/spring-boot-starter-validation/3.3.4/spring-boot-starter-validation-3.3.4.pom (2.5 kB at 93 kB/s)
#28 10.84 [INFO] Downloading from central: https://repo.maven.apache.org/maven2/org/slf4j/jcl-over-slf4j/2.0.16/jcl-over-slf4j-2.0.16.pom
#28 10.86 [INFO] Downloaded from central: https://repo.maven.apache.org/maven2/org/slf4j/jcl-over-slf4j/2.0.16/jcl-over-slf4j-2.0.16.pom (1.7 kB at 64 kB/s)
#28 10.87 [INFO] Downloading from central: https://repo.maven.apache.org/maven2/com/fasterxml/jackson/dataformat/jackson-dataformat-yaml/2.17.2/jackson-dataformat-yaml-2.17.2.pom
#28 10.91 [INFO] Downloaded from central: https://repo.maven.apache.org/maven2/com/fasterxml/jackson/dataformat/jackson-dataformat-yaml/2.17.2/jackson-dataformat-yaml-2.17.2.pom (2.6 kB at 61 kB/s)
#28 10.93 [INFO] Downloading from central: https://repo.maven.apache.org/maven2/org/springframework/boot/spring-boot-starter-validation/3.3.4/spring-boot-starter-validation-3.3.4.jar
#28 10.96 [INFO] Downloaded from central: https://repo.maven.apache.org/maven2/org/springframework/boot/spring-boot-starter-validation/3.3.4/spring-boot-starter-validation-3.3.4.jar (4.8 kB at 177 kB/s)
#28 10.96 [INFO] Downloading from central: https://repo.maven.apache.org/maven2/org/apache/httpcomponents/core5/httpcore5/5.2.5/httpcore5-5.2.5.jar
#28 10.96 [INFO] Downloading from central: https://repo.maven.apache.org/maven2/org/apache/httpcomponents/core5/httpcore5-h2/5.2.5/httpcore5-h2-5.2.5.jar
#28 10.96 [INFO] Downloading from central: https://repo.maven.apache.org/maven2/org/slf4j/jcl-over-slf4j/2.0.16/jcl-over-slf4j-2.0.16.jar
#28 10.96 [INFO] Downloading from central: https://repo.maven.apache.org/maven2/com/fasterxml/jackson/dataformat/jackson-dataformat-yaml/2.17.2/jackson-dataformat-yaml-2.17.2.jar
#28 10.98 [INFO] Downloaded from central: https://repo.maven.apache.org/maven2/org/slf4j/jcl-over-slf4j/2.0.16/jcl-over-slf4j-2.0.16.jar (18 kB at 768 kB/s)
#28 10.99 [INFO] Downloaded from central: https://repo.maven.apache.org/maven2/com/fasterxml/jackson/dataformat/jackson-dataformat-yaml/2.17.2/jackson-dataformat-yaml-2.17.2.jar (55 kB at 2.0 MB/s)
#28 11.00 [INFO] Downloaded from central: https://repo.maven.apache.org/maven2/org/apache/httpcomponents/core5/httpcore5-h2/5.2.5/httpcore5-h2-5.2.5.jar (237 kB at 5.3 MB/s)
#28 11.04 [INFO] Downloaded from central: https://repo.maven.apache.org/maven2/org/apache/httpcomponents/core5/httpcore5/5.2.5/httpcore5-5.2.5.jar (855 kB at 11 MB/s)
#28 11.04 [INFO] 
#28 11.04 [INFO] --- clean:3.3.2:clean (default-clean) @ config-server ---
#28 11.04 [INFO] 
#28 11.04 [INFO] --- resources:3.3.1:resources (default-resources) @ config-server ---
#28 11.04 [INFO] Copying 2 resources from src/main/resources to target/classes
#28 11.05 [INFO] Copying 5 resources from src/main/resources to target/classes
#28 11.05 [INFO] 
#28 11.05 [INFO] --- compiler:3.13.0:compile (default-compile) @ config-server ---
#28 11.05 [INFO] Recompiling the module because of changed source code.
#28 11.05 [INFO] Compiling 2 source files with javac [debug parameters release 21] to target/classes
#28 11.20 [INFO] 
#28 11.20 [INFO] --- resources:3.3.1:testResources (default-testResources) @ config-server ---
#28 11.20 [INFO] skip non existing resourceDirectory /build/config-server/src/test/resources
#28 11.20 [INFO] 
#28 11.20 [INFO] --- compiler:3.13.0:testCompile (default-testCompile) @ config-server ---
#28 11.21 [INFO] Recompiling the module because of changed dependency.
#28 11.21 [INFO] 
#28 11.21 [INFO] --- surefire:3.2.5:test (default-test) @ config-server ---
#28 11.21 [INFO] Tests are skipped.
#28 11.21 [INFO] 
#28 11.21 [INFO] --- jar:3.4.2:jar (default-jar) @ config-server ---
#28 11.22 [INFO] Building jar: /build/config-server/target/config-server.jar
#28 11.23 [INFO] 
#28 11.23 [INFO] --- spring-boot:3.3.4:repackage (repackage) @ config-server ---
#28 11.41 [INFO] Replacing main artifact /build/config-server/target/config-server.jar with repackaged archive, adding nested dependencies in BOOT-INF/.
#28 11.41 [INFO] The original artifact has been renamed to /build/config-server/target/config-server.jar.original
#28 11.41 [INFO] 
#28 11.41 [INFO] -----------------< cl.duoc.bancoxyz:discovery-server >------------------
#28 11.41 [INFO] Building discovery-server 1.0.0                                   [7/16]
#28 11.41 [INFO]   from discovery-server/pom.xml
#28 11.41 [INFO] --------------------------------[ jar ]---------------------------------
#28 11.43 [INFO] Downloading from central: https://repo.maven.apache.org/maven2/org/springframework/boot/spring-boot-starter-freemarker/3.3.4/spring-boot-starter-freemarker-3.3.4.pom
#28 11.49 [INFO] Downloaded from central: https://repo.maven.apache.org/maven2/org/springframework/boot/spring-boot-starter-freemarker/3.3.4/spring-boot-starter-freemarker-3.3.4.pom (2.5 kB at 38 kB/s)
#28 11.50 [INFO] Downloading from central: https://repo.maven.apache.org/maven2/org/springframework/spring-context-support/6.1.13/spring-context-support-6.1.13.pom
#28 11.53 [INFO] Downloaded from central: https://repo.maven.apache.org/maven2/org/springframework/spring-context-support/6.1.13/spring-context-support-6.1.13.pom (2.4 kB at 84 kB/s)
#28 11.57 [INFO] Downloading from central: https://repo.maven.apache.org/maven2/org/glassfish/jersey/core/jersey-client/3.1.8/jersey-client-3.1.8.pom
#28 11.61 [INFO] Downloaded from central: https://repo.maven.apache.org/maven2/org/glassfish/jersey/core/jersey-client/3.1.8/jersey-client-3.1.8.pom (6.8 kB at 193 kB/s)
#28 11.61 [INFO] Downloading from central: https://repo.maven.apache.org/maven2/org/glassfish/jersey/project/3.1.8/project-3.1.8.pom
#28 11.65 [INFO] Downloaded from central: https://repo.maven.apache.org/maven2/org/glassfish/jersey/project/3.1.8/project-3.1.8.pom (105 kB at 2.9 MB/s)
#28 11.65 [INFO] Downloading from central: https://repo.maven.apache.org/maven2/org/glassfish/jersey/core/jersey-common/3.1.8/jersey-common-3.1.8.pom
#28 11.70 [INFO] Downloaded from central: https://repo.maven.apache.org/maven2/org/glassfish/jersey/core/jersey-common/3.1.8/jersey-common-3.1.8.pom (21 kB at 422 kB/s)
#28 11.71 [INFO] Downloading from central: https://repo.maven.apache.org/maven2/org/glassfish/jersey/inject/jersey-hk2/3.1.8/jersey-hk2-3.1.8.pom
#28 11.74 [INFO] Downloaded from central: https://repo.maven.apache.org/maven2/org/glassfish/jersey/inject/jersey-hk2/3.1.8/jersey-hk2-3.1.8.pom (4.9 kB at 158 kB/s)
#28 11.74 [INFO] Downloading from central: https://repo.maven.apache.org/maven2/org/glassfish/jersey/inject/project/3.1.8/project-3.1.8.pom
#28 11.78 [INFO] Downloaded from central: https://repo.maven.apache.org/maven2/org/glassfish/jersey/inject/project/3.1.8/project-3.1.8.pom (1.5 kB at 40 kB/s)
#28 11.79 [INFO] Downloading from central: https://repo.maven.apache.org/maven2/org/glassfish/jersey/connectors/jersey-apache-connector/3.1.8/jersey-apache-connector-3.1.8.pom
#28 11.85 [INFO] Downloaded from central: https://repo.maven.apache.org/maven2/org/glassfish/jersey/connectors/jersey-apache-connector/3.1.8/jersey-apache-connector-3.1.8.pom (3.8 kB at 60 kB/s)
#28 11.85 [INFO] Downloading from central: https://repo.maven.apache.org/maven2/org/glassfish/jersey/connectors/project/3.1.8/project-3.1.8.pom
#28 11.90 [INFO] Downloaded from central: https://repo.maven.apache.org/maven2/org/glassfish/jersey/connectors/project/3.1.8/project-3.1.8.pom (3.4 kB at 80 kB/s)
#28 11.92 [INFO] Downloading from central: https://repo.maven.apache.org/maven2/org/glassfish/jersey/containers/jersey-container-servlet/3.1.8/jersey-container-servlet-3.1.8.pom
#28 11.95 [INFO] Downloaded from central: https://repo.maven.apache.org/maven2/org/glassfish/jersey/containers/jersey-container-servlet/3.1.8/jersey-container-servlet-3.1.8.pom (3.4 kB at 113 kB/s)
#28 11.95 [INFO] Downloading from central: https://repo.maven.apache.org/maven2/org/glassfish/jersey/containers/project/3.1.8/project-3.1.8.pom
#28 11.98 [INFO] Downloaded from central: https://repo.maven.apache.org/maven2/org/glassfish/jersey/containers/project/3.1.8/project-3.1.8.pom (3.1 kB at 100 kB/s)
#28 11.99 [INFO] Downloading from central: https://repo.maven.apache.org/maven2/org/glassfish/jersey/containers/jersey-container-servlet-core/3.1.8/jersey-container-servlet-core-3.1.8.pom
#28 12.03 [INFO] Downloaded from central: https://repo.maven.apache.org/maven2/org/glassfish/jersey/containers/jersey-container-servlet-core/3.1.8/jersey-container-servlet-core-3.1.8.pom (3.4 kB at 87 kB/s)
#28 12.03 [INFO] Downloading from central: https://repo.maven.apache.org/maven2/org/glassfish/jersey/core/jersey-server/3.1.8/jersey-server-3.1.8.pom
#28 12.06 [INFO] Downloaded from central: https://repo.maven.apache.org/maven2/org/glassfish/jersey/core/jersey-server/3.1.8/jersey-server-3.1.8.pom (13 kB at 455 kB/s)
#28 12.07 [INFO] Downloading from central: https://repo.maven.apache.org/maven2/com/fasterxml/jackson/dataformat/jackson-dataformat-xml/2.17.2/jackson-dataformat-xml-2.17.2.pom
#28 12.10 [INFO] Downloaded from central: https://repo.maven.apache.org/maven2/com/fasterxml/jackson/dataformat/jackson-dataformat-xml/2.17.2/jackson-dataformat-xml-2.17.2.pom (7.4 kB at 200 kB/s)
#28 12.11 [INFO] Downloading from central: https://repo.maven.apache.org/maven2/org/codehaus/woodstox/stax2-api/4.2.2/stax2-api-4.2.2.pom
#28 12.14 [INFO] Downloaded from central: https://repo.maven.apache.org/maven2/org/codehaus/woodstox/stax2-api/4.2.2/stax2-api-4.2.2.pom (6.3 kB at 225 kB/s)
#28 12.14 [INFO] Downloading from central: https://repo.maven.apache.org/maven2/com/fasterxml/woodstox/woodstox-core/6.7.0/woodstox-core-6.7.0.pom
#28 12.17 [INFO] Downloaded from central: https://repo.maven.apache.org/maven2/com/fasterxml/woodstox/woodstox-core/6.7.0/woodstox-core-6.7.0.pom (9.6 kB at 343 kB/s)
#28 12.18 [INFO] Downloading from central: https://repo.maven.apache.org/maven2/io/projectreactor/addons/reactor-extra/3.5.2/reactor-extra-3.5.2.pom
#28 12.22 [INFO] Downloaded from central: https://repo.maven.apache.org/maven2/io/projectreactor/addons/reactor-extra/3.5.2/reactor-extra-3.5.2.pom (2.0 kB at 45 kB/s)
#28 12.23 [INFO] Downloading from central: https://repo.maven.apache.org/maven2/org/springframework/boot/spring-boot-starter-cache/3.3.4/spring-boot-starter-cache-3.3.4.pom
#28 12.25 [INFO] Downloaded from central: https://repo.maven.apache.org/maven2/org/springframework/boot/spring-boot-starter-cache/3.3.4/spring-boot-starter-cache-3.3.4.pom (2.3 kB at 79 kB/s)
#28 12.28 [INFO] Downloading from central: https://repo.maven.apache.org/maven2/org/springframework/boot/spring-boot-starter-freemarker/3.3.4/spring-boot-starter-freemarker-3.3.4.jar
#28 12.32 [INFO] Downloaded from central: https://repo.maven.apache.org/maven2/org/springframework/boot/spring-boot-starter-freemarker/3.3.4/spring-boot-starter-freemarker-3.3.4.jar (4.8 kB at 129 kB/s)
#28 12.32 [INFO] Downloading from central: https://repo.maven.apache.org/maven2/org/springframework/spring-context-support/6.1.13/spring-context-support-6.1.13.jar
#28 12.32 [INFO] Downloading from central: https://repo.maven.apache.org/maven2/org/glassfish/jersey/connectors/jersey-apache-connector/3.1.8/jersey-apache-connector-3.1.8.jar
#28 12.32 [INFO] Downloading from central: https://repo.maven.apache.org/maven2/org/glassfish/jersey/containers/jersey-container-servlet/3.1.8/jersey-container-servlet-3.1.8.jar
#28 12.32 [INFO] Downloading from central: https://repo.maven.apache.org/maven2/org/glassfish/jersey/containers/jersey-container-servlet-core/3.1.8/jersey-container-servlet-core-3.1.8.jar
#28 12.32 [INFO] Downloading from central: https://repo.maven.apache.org/maven2/org/glassfish/jersey/core/jersey-common/3.1.8/jersey-common-3.1.8.jar
#28 12.35 [INFO] Downloaded from central: https://repo.maven.apache.org/maven2/org/glassfish/jersey/containers/jersey-container-servlet/3.1.8/jersey-container-servlet-3.1.8.jar (32 kB at 969 kB/s)
#28 12.35 [INFO] Downloaded from central: https://repo.maven.apache.org/maven2/org/glassfish/jersey/containers/jersey-container-servlet-core/3.1.8/jersey-container-servlet-core-3.1.8.jar (75 kB at 2.4 MB/s)
#28 12.35 [INFO] Downloading from central: https://repo.maven.apache.org/maven2/org/glassfish/jersey/core/jersey-server/3.1.8/jersey-server-3.1.8.jar
#28 12.35 [INFO] Downloading from central: https://repo.maven.apache.org/maven2/org/glassfish/jersey/core/jersey-client/3.1.8/jersey-client-3.1.8.jar
#28 12.36 [INFO] Downloaded from central: https://repo.maven.apache.org/maven2/org/springframework/spring-context-support/6.1.13/spring-context-support-6.1.13.jar (173 kB at 3.9 MB/s)
#28 12.36 [INFO] Downloading from central: https://repo.maven.apache.org/maven2/org/glassfish/jersey/inject/jersey-hk2/3.1.8/jersey-hk2-3.1.8.jar
#28 12.36 [INFO] Downloaded from central: https://repo.maven.apache.org/maven2/org/glassfish/jersey/connectors/jersey-apache-connector/3.1.8/jersey-apache-connector-3.1.8.jar (49 kB at 1.1 MB/s)
#28 12.36 [INFO] Downloading from central: https://repo.maven.apache.org/maven2/com/fasterxml/jackson/dataformat/jackson-dataformat-xml/2.17.2/jackson-dataformat-xml-2.17.2.jar
#28 12.41 [INFO] Downloaded from central: https://repo.maven.apache.org/maven2/org/glassfish/jersey/core/jersey-client/3.1.8/jersey-client-3.1.8.jar (304 kB at 3.3 MB/s)
#28 12.41 [INFO] Downloading from central: https://repo.maven.apache.org/maven2/org/codehaus/woodstox/stax2-api/4.2.2/stax2-api-4.2.2.jar
#28 12.42 [INFO] Downloaded from central: https://repo.maven.apache.org/maven2/org/glassfish/jersey/inject/jersey-hk2/3.1.8/jersey-hk2-3.1.8.jar (78 kB at 750 kB/s)
#28 12.42 [INFO] Downloading from central: https://repo.maven.apache.org/maven2/com/fasterxml/woodstox/woodstox-core/6.7.0/woodstox-core-6.7.0.jar
#28 12.43 [INFO] Downloaded from central: https://repo.maven.apache.org/maven2/com/fasterxml/jackson/dataformat/jackson-dataformat-xml/2.17.2/jackson-dataformat-xml-2.17.2.jar (129 kB at 1.2 MB/s)
#28 12.43 [INFO] Downloading from central: https://repo.maven.apache.org/maven2/io/projectreactor/addons/reactor-extra/3.5.2/reactor-extra-3.5.2.jar
#28 12.44 [INFO] Downloaded from central: https://repo.maven.apache.org/maven2/org/glassfish/jersey/core/jersey-common/3.1.8/jersey-common-3.1.8.jar (1.2 MB at 10 MB/s)
#28 12.44 [INFO] Downloading from central: https://repo.maven.apache.org/maven2/org/springframework/boot/spring-boot-starter-cache/3.3.4/spring-boot-starter-cache-3.3.4.jar
#28 12.46 [INFO] Downloaded from central: https://repo.maven.apache.org/maven2/org/codehaus/woodstox/stax2-api/4.2.2/stax2-api-4.2.2.jar (196 kB at 1.4 MB/s)
#28 12.46 [INFO] Downloaded from central: https://repo.maven.apache.org/maven2/org/glassfish/jersey/core/jersey-server/3.1.8/jersey-server-3.1.8.jar (982 kB at 6.9 MB/s)
#28 12.47 [INFO] Downloaded from central: https://repo.maven.apache.org/maven2/org/springframework/boot/spring-boot-starter-cache/3.3.4/spring-boot-starter-cache-3.3.4.jar (4.8 kB at 32 kB/s)
#28 12.49 [INFO] Downloaded from central: https://repo.maven.apache.org/maven2/io/projectreactor/addons/reactor-extra/3.5.2/reactor-extra-3.5.2.jar (104 kB at 625 kB/s)
#28 12.51 [INFO] Downloaded from central: https://repo.maven.apache.org/maven2/com/fasterxml/woodstox/woodstox-core/6.7.0/woodstox-core-6.7.0.jar (1.6 MB at 8.3 MB/s)
#28 12.52 [INFO] 
#28 12.52 [INFO] --- clean:3.3.2:clean (default-clean) @ discovery-server ---
#28 12.52 [INFO] 
#28 12.52 [INFO] --- resources:3.3.1:resources (default-resources) @ discovery-server ---
#28 12.53 [INFO] Copying 1 resource from src/main/resources to target/classes
#28 12.53 [INFO] Copying 0 resource from src/main/resources to target/classes
#28 12.53 [INFO] 
#28 12.53 [INFO] --- compiler:3.13.0:compile (default-compile) @ discovery-server ---
#28 12.54 [INFO] Recompiling the module because of changed source code.
#28 12.54 [INFO] Compiling 2 source files with javac [debug parameters release 21] to target/classes
#28 12.67 [INFO] 
#28 12.67 [INFO] --- resources:3.3.1:testResources (default-testResources) @ discovery-server ---
#28 12.67 [INFO] skip non existing resourceDirectory /build/discovery-server/src/test/resources
#28 12.67 [INFO] 
#28 12.67 [INFO] --- compiler:3.13.0:testCompile (default-testCompile) @ discovery-server ---
#28 12.68 [INFO] Recompiling the module because of changed dependency.
#28 12.68 [INFO] 
#28 12.68 [INFO] --- surefire:3.2.5:test (default-test) @ discovery-server ---
#28 12.68 [INFO] Tests are skipped.
#28 12.68 [INFO] 
#28 12.68 [INFO] --- jar:3.4.2:jar (default-jar) @ discovery-server ---
#28 12.69 [INFO] Building jar: /build/discovery-server/target/discovery-server.jar
#28 12.69 [INFO] 
#28 12.69 [INFO] --- spring-boot:3.3.4:repackage (repackage) @ discovery-server ---
#28 12.91 [INFO] Replacing main artifact /build/discovery-server/target/discovery-server.jar with repackaged archive, adding nested dependencies in BOOT-INF/.
#28 12.91 [INFO] The original artifact has been renamed to /build/discovery-server/target/discovery-server.jar.original
#28 12.91 [INFO] 
#28 12.91 [INFO] --------------------< cl.duoc.bancoxyz:auth-server >--------------------
#28 12.91 [INFO] Building auth-server 1.0.0                                        [8/16]
#28 12.91 [INFO]   from auth-server/pom.xml
#28 12.91 [INFO] --------------------------------[ jar ]---------------------------------
#28 12.94 [INFO] 
#28 12.94 [INFO] --- clean:3.3.2:clean (default-clean) @ auth-server ---
#28 12.94 [INFO] 
#28 12.94 [INFO] --- resources:3.3.1:resources (default-resources) @ auth-server ---
#28 12.94 [INFO] Copying 1 resource from src/main/resources to target/classes
#28 12.94 [INFO] Copying 0 resource from src/main/resources to target/classes
#28 12.94 [INFO] 
#28 12.95 [INFO] --- compiler:3.13.0:compile (default-compile) @ auth-server ---
#28 12.95 [INFO] Recompiling the module because of changed source code.
#28 12.95 [INFO] Compiling 2 source files with javac [debug parameters release 21] to target/classes
#28 13.16 [INFO] 
#28 13.16 [INFO] --- resources:3.3.1:testResources (default-testResources) @ auth-server ---
#28 13.16 [INFO] skip non existing resourceDirectory /build/auth-server/src/test/resources
#28 13.16 [INFO] 
#28 13.16 [INFO] --- compiler:3.13.0:testCompile (default-testCompile) @ auth-server ---
#28 13.16 [INFO] Recompiling the module because of changed dependency.
#28 13.16 [INFO] Compiling 1 source file with javac [debug parameters release 21] to target/test-classes
#28 13.29 [INFO] 
#28 13.29 [INFO] --- surefire:3.2.5:test (default-test) @ auth-server ---
#28 13.30 [INFO] Tests are skipped.
#28 13.30 [INFO] 
#28 13.30 [INFO] --- jar:3.4.2:jar (default-jar) @ auth-server ---
#28 13.30 [INFO] Building jar: /build/auth-server/target/auth-server.jar
#28 13.31 [INFO] 
#28 13.31 [INFO] --- spring-boot:3.3.4:repackage (repackage) @ auth-server ---
#28 13.48 [INFO] Replacing main artifact /build/auth-server/target/auth-server.jar with repackaged archive, adding nested dependencies in BOOT-INF/.
#28 13.48 [INFO] The original artifact has been renamed to /build/auth-server/target/auth-server.jar.original
#28 13.48 [INFO] 
#28 13.48 [INFO] --------------------< cl.duoc.bancoxyz:api-gateway >--------------------
#28 13.48 [INFO] Building api-gateway 1.0.0                                        [9/16]
#28 13.48 [INFO]   from api-gateway/pom.xml
#28 13.48 [INFO] --------------------------------[ jar ]---------------------------------
#28 13.49 [INFO] Downloading from central: https://repo.maven.apache.org/maven2/org/springframework/boot/spring-boot-starter-webflux/3.3.4/spring-boot-starter-webflux-3.3.4.pom
#28 13.51 [INFO] Downloaded from central: https://repo.maven.apache.org/maven2/org/springframework/boot/spring-boot-starter-webflux/3.3.4/spring-boot-starter-webflux-3.3.4.pom (2.9 kB at 117 kB/s)
#28 13.51 [INFO] Downloading from central: https://repo.maven.apache.org/maven2/org/springframework/boot/spring-boot-starter-reactor-netty/3.3.4/spring-boot-starter-reactor-netty-3.3.4.pom
#28 13.55 [INFO] Downloaded from central: https://repo.maven.apache.org/maven2/org/springframework/boot/spring-boot-starter-reactor-netty/3.3.4/spring-boot-starter-reactor-netty-3.3.4.pom (2.1 kB at 59 kB/s)
#28 13.55 [INFO] Downloading from central: https://repo.maven.apache.org/maven2/io/projectreactor/netty/reactor-netty-http/1.1.22/reactor-netty-http-1.1.22.pom
#28 13.58 [INFO] Downloaded from central: https://repo.maven.apache.org/maven2/io/projectreactor/netty/reactor-netty-http/1.1.22/reactor-netty-http-1.1.22.pom (4.3 kB at 159 kB/s)
#28 13.58 [INFO] Downloading from central: https://repo.maven.apache.org/maven2/io/netty/netty-codec-http2/4.1.113.Final/netty-codec-http2-4.1.113.Final.pom
#28 13.61 [INFO] Downloaded from central: https://repo.maven.apache.org/maven2/io/netty/netty-codec-http2/4.1.113.Final/netty-codec-http2-4.1.113.Final.pom (5.2 kB at 166 kB/s)
#28 13.61 [INFO] Downloading from central: https://repo.maven.apache.org/maven2/io/netty/netty-resolver-dns/4.1.113.Final/netty-resolver-dns-4.1.113.Final.pom
#28 13.64 [INFO] Downloaded from central: https://repo.maven.apache.org/maven2/io/netty/netty-resolver-dns/4.1.113.Final/netty-resolver-dns-4.1.113.Final.pom (3.7 kB at 128 kB/s)
#28 13.65 [INFO] Downloading from central: https://repo.maven.apache.org/maven2/io/netty/netty-codec-dns/4.1.113.Final/netty-codec-dns-4.1.113.Final.pom
#28 13.68 [INFO] Downloaded from central: https://repo.maven.apache.org/maven2/io/netty/netty-codec-dns/4.1.113.Final/netty-codec-dns-4.1.113.Final.pom (2.7 kB at 87 kB/s)
#28 13.68 [INFO] Downloading from central: https://repo.maven.apache.org/maven2/io/netty/netty-resolver-dns-native-macos/4.1.113.Final/netty-resolver-dns-native-macos-4.1.113.Final.pom
#28 13.71 [INFO] Downloaded from central: https://repo.maven.apache.org/maven2/io/netty/netty-resolver-dns-native-macos/4.1.113.Final/netty-resolver-dns-native-macos-4.1.113.Final.pom (18 kB at 635 kB/s)
#28 13.71 [INFO] Downloading from central: https://repo.maven.apache.org/maven2/io/netty/netty-resolver-dns-classes-macos/4.1.113.Final/netty-resolver-dns-classes-macos-4.1.113.Final.pom
#28 13.74 [INFO] Downloaded from central: https://repo.maven.apache.org/maven2/io/netty/netty-resolver-dns-classes-macos/4.1.113.Final/netty-resolver-dns-classes-macos-4.1.113.Final.pom (2.0 kB at 83 kB/s)
#28 13.74 [INFO] Downloading from central: https://repo.maven.apache.org/maven2/io/projectreactor/netty/reactor-netty-core/1.1.22/reactor-netty-core-1.1.22.pom
#28 13.77 [INFO] Downloaded from central: https://repo.maven.apache.org/maven2/io/projectreactor/netty/reactor-netty-core/1.1.22/reactor-netty-core-1.1.22.pom (3.9 kB at 145 kB/s)
#28 13.77 [INFO] Downloading from central: https://repo.maven.apache.org/maven2/org/springframework/spring-webflux/6.1.13/spring-webflux-6.1.13.pom
#28 13.80 [INFO] Downloaded from central: https://repo.maven.apache.org/maven2/org/springframework/spring-webflux/6.1.13/spring-webflux-6.1.13.pom (2.6 kB at 92 kB/s)
#28 13.83 [INFO] Downloading from central: https://repo.maven.apache.org/maven2/org/springframework/boot/spring-boot-starter-webflux/3.3.4/spring-boot-starter-webflux-3.3.4.jar
#28 13.86 [INFO] Downloaded from central: https://repo.maven.apache.org/maven2/org/springframework/boot/spring-boot-starter-webflux/3.3.4/spring-boot-starter-webflux-3.3.4.jar (4.8 kB at 160 kB/s)
#28 13.86 [INFO] Downloading from central: https://repo.maven.apache.org/maven2/org/springframework/boot/spring-boot-starter-reactor-netty/3.3.4/spring-boot-starter-reactor-netty-3.3.4.jar
#28 13.86 [INFO] Downloading from central: https://repo.maven.apache.org/maven2/io/projectreactor/netty/reactor-netty-http/1.1.22/reactor-netty-http-1.1.22.jar
#28 13.86 [INFO] Downloading from central: https://repo.maven.apache.org/maven2/io/netty/netty-codec-http2/4.1.113.Final/netty-codec-http2-4.1.113.Final.jar
#28 13.86 [INFO] Downloading from central: https://repo.maven.apache.org/maven2/io/netty/netty-resolver-dns/4.1.113.Final/netty-resolver-dns-4.1.113.Final.jar
#28 13.86 [INFO] Downloading from central: https://repo.maven.apache.org/maven2/io/netty/netty-codec-dns/4.1.113.Final/netty-codec-dns-4.1.113.Final.jar
#28 13.89 [INFO] Downloaded from central: https://repo.maven.apache.org/maven2/io/netty/netty-codec-dns/4.1.113.Final/netty-codec-dns-4.1.113.Final.jar (67 kB at 2.2 MB/s)
#28 13.89 [INFO] Downloaded from central: https://repo.maven.apache.org/maven2/org/springframework/boot/spring-boot-starter-reactor-netty/3.3.4/spring-boot-starter-reactor-netty-3.3.4.jar (4.8 kB at 154 kB/s)
#28 13.89 [INFO] Downloading from central: https://repo.maven.apache.org/maven2/io/netty/netty-resolver-dns-native-macos/4.1.113.Final/netty-resolver-dns-native-macos-4.1.113.Final-osx-x86_64.jar
#28 13.89 [INFO] Downloading from central: https://repo.maven.apache.org/maven2/io/netty/netty-resolver-dns-classes-macos/4.1.113.Final/netty-resolver-dns-classes-macos-4.1.113.Final.jar
#28 13.90 [INFO] Downloaded from central: https://repo.maven.apache.org/maven2/io/netty/netty-resolver-dns/4.1.113.Final/netty-resolver-dns-4.1.113.Final.jar (182 kB at 4.7 MB/s)
#28 13.90 [INFO] Downloading from central: https://repo.maven.apache.org/maven2/io/projectreactor/netty/reactor-netty-core/1.1.22/reactor-netty-core-1.1.22.jar
#28 13.91 [INFO] Downloaded from central: https://repo.maven.apache.org/maven2/io/netty/netty-codec-http2/4.1.113.Final/netty-codec-http2-4.1.113.Final.jar (490 kB at 9.4 MB/s)
#28 13.91 [INFO] Downloading from central: https://repo.maven.apache.org/maven2/org/springframework/spring-webflux/6.1.13/spring-webflux-6.1.13.jar
#28 13.92 [INFO] Downloaded from central: https://repo.maven.apache.org/maven2/io/projectreactor/netty/reactor-netty-http/1.1.22/reactor-netty-http-1.1.22.jar (480 kB at 8.0 MB/s)
#28 13.93 [INFO] Downloaded from central: https://repo.maven.apache.org/maven2/io/netty/netty-resolver-dns-native-macos/4.1.113.Final/netty-resolver-dns-native-macos-4.1.113.Final-osx-x86_64.jar (19 kB at 282 kB/s)
#28 13.94 [INFO] Downloaded from central: https://repo.maven.apache.org/maven2/io/netty/netty-resolver-dns-classes-macos/4.1.113.Final/netty-resolver-dns-classes-macos-4.1.113.Final.jar (9.1 kB at 114 kB/s)
#28 13.95 [INFO] Downloaded from central: https://repo.maven.apache.org/maven2/io/projectreactor/netty/reactor-netty-core/1.1.22/reactor-netty-core-1.1.22.jar (521 kB at 5.7 MB/s)
#28 13.98 [INFO] Downloaded from central: https://repo.maven.apache.org/maven2/org/springframework/spring-webflux/6.1.13/spring-webflux-6.1.13.jar (980 kB at 8.4 MB/s)
#28 13.98 [INFO] 
#28 13.98 [INFO] --- clean:3.3.2:clean (default-clean) @ api-gateway ---
#28 13.98 [INFO] 
#28 13.98 [INFO] --- resources:3.3.1:resources (default-resources) @ api-gateway ---
#28 13.99 [INFO] Copying 1 resource from src/main/resources to target/classes
#28 13.99 [INFO] Copying 0 resource from src/main/resources to target/classes
#28 13.99 [INFO] 
#28 13.99 [INFO] --- compiler:3.13.0:compile (default-compile) @ api-gateway ---
#28 13.99 [INFO] Recompiling the module because of changed source code.
#28 13.99 [INFO] Compiling 2 source files with javac [debug parameters release 21] to target/classes
#28 14.11 [INFO] 
#28 14.11 [INFO] --- resources:3.3.1:testResources (default-testResources) @ api-gateway ---
#28 14.12 [INFO] skip non existing resourceDirectory /build/api-gateway/src/test/resources
#28 14.12 [INFO] 
#28 14.12 [INFO] --- compiler:3.13.0:testCompile (default-testCompile) @ api-gateway ---
#28 14.12 [INFO] Recompiling the module because of changed dependency.
#28 14.12 [INFO] 
#28 14.12 [INFO] --- surefire:3.2.5:test (default-test) @ api-gateway ---
#28 14.13 [INFO] Tests are skipped.
#28 14.13 [INFO] 
#28 14.13 [INFO] --- jar:3.4.2:jar (default-jar) @ api-gateway ---
#28 14.13 [INFO] Building jar: /build/api-gateway/target/api-gateway.jar
#28 14.14 [INFO] 
#28 14.14 [INFO] --- spring-boot:3.3.4:repackage (repackage) @ api-gateway ---
#28 14.32 [INFO] Replacing main artifact /build/api-gateway/target/api-gateway.jar with repackaged archive, adding nested dependencies in BOOT-INF/.
#28 14.32 [INFO] The original artifact has been renamed to /build/api-gateway/target/api-gateway.jar.original
#28 14.32 [INFO] 
#28 14.32 [INFO] ------------------< cl.duoc.bancoxyz:cuentas-service >------------------
#28 14.32 [INFO] Building cuentas-service 1.0.0                                   [10/16]
#28 14.32 [INFO]   from cuentas-service/pom.xml
#28 14.32 [INFO] --------------------------------[ jar ]---------------------------------
#28 14.34 [INFO] 
#28 14.34 [INFO] --- clean:3.3.2:clean (default-clean) @ cuentas-service ---
#28 14.34 [INFO] 
#28 14.34 [INFO] --- resources:3.3.1:resources (default-resources) @ cuentas-service ---
#28 14.34 [INFO] Copying 1 resource from src/main/resources to target/classes
#28 14.35 [INFO] Copying 1 resource from src/main/resources to target/classes
#28 14.35 [INFO] 
#28 14.35 [INFO] --- compiler:3.13.0:compile (default-compile) @ cuentas-service ---
#28 14.35 [INFO] Recompiling the module because of changed dependency.
#28 14.35 [INFO] Compiling 10 source files with javac [debug parameters release 21] to target/classes
#28 14.56 [INFO] 
#28 14.56 [INFO] --- resources:3.3.1:testResources (default-testResources) @ cuentas-service ---
#28 14.57 [INFO] Copying 1 resource from src/test/resources to target/test-classes
#28 14.57 [INFO] 
#28 14.57 [INFO] --- compiler:3.13.0:testCompile (default-testCompile) @ cuentas-service ---
#28 14.57 [INFO] Recompiling the module because of changed dependency.
#28 14.57 [INFO] Compiling 4 source files with javac [debug parameters release 21] to target/test-classes
#28 14.82 [INFO] 
#28 14.82 [INFO] --- surefire:3.2.5:test (default-test) @ cuentas-service ---
#28 14.83 [INFO] Tests are skipped.
#28 14.83 [INFO] 
#28 14.83 [INFO] --- jar:3.4.2:jar (default-jar) @ cuentas-service ---
#28 14.83 [INFO] Building jar: /build/cuentas-service/target/cuentas-service.jar
#28 14.84 [INFO] 
#28 14.84 [INFO] --- spring-boot:3.3.4:repackage (repackage) @ cuentas-service ---
#28 15.09 [INFO] Replacing main artifact /build/cuentas-service/target/cuentas-service.jar with repackaged archive, adding nested dependencies in BOOT-INF/.
#28 15.09 [INFO] The original artifact has been renamed to /build/cuentas-service/target/cuentas-service.jar.original
#28 15.09 [INFO] 
#28 15.09 [INFO] -------------------< cl.duoc.bancoxyz:pagos-service >-------------------
#28 15.09 [INFO] Building pagos-service 1.0.0                                     [11/16]
#28 15.09 [INFO]   from pagos-service/pom.xml
#28 15.09 [INFO] --------------------------------[ jar ]---------------------------------
#28 15.12 [INFO] Downloading from central: https://repo.maven.apache.org/maven2/org/springframework/boot/spring-boot-configuration-processor/3.3.4/spring-boot-configuration-processor-3.3.4.pom
#28 15.15 [INFO] Downloaded from central: https://repo.maven.apache.org/maven2/org/springframework/boot/spring-boot-configuration-processor/3.3.4/spring-boot-configuration-processor-3.3.4.pom (1.9 kB at 70 kB/s)
#28 15.17 [INFO] Downloading from central: https://repo.maven.apache.org/maven2/org/springframework/boot/spring-boot-configuration-processor/3.3.4/spring-boot-configuration-processor-3.3.4.jar
#28 15.21 [INFO] Downloaded from central: https://repo.maven.apache.org/maven2/org/springframework/boot/spring-boot-configuration-processor/3.3.4/spring-boot-configuration-processor-3.3.4.jar (130 kB at 3.5 MB/s)
#28 15.21 [INFO] 
#28 15.21 [INFO] --- clean:3.3.2:clean (default-clean) @ pagos-service ---
#28 15.21 [INFO] 
#28 15.21 [INFO] --- resources:3.3.1:resources (default-resources) @ pagos-service ---
#28 15.22 [INFO] Copying 1 resource from src/main/resources to target/classes
#28 15.22 [INFO] Copying 2 resources from src/main/resources to target/classes
#28 15.22 [INFO] 
#28 15.22 [INFO] --- compiler:3.13.0:compile (default-compile) @ pagos-service ---
#28 15.22 [INFO] Recompiling the module because of changed dependency.
#28 15.22 [INFO] Compiling 22 source files with javac [debug parameters release 21] to target/classes
#28 15.60 [INFO] Annotation processing is enabled because one or more processors were found
#28 15.60   on the class path. A future release of javac may disable annotation processing
#28 15.60   unless at least one processor is specified by name (-processor), or a search
#28 15.60   path is specified (--processor-path, --processor-module-path), or annotation
#28 15.60   processing is enabled explicitly (-proc:only, -proc:full).
#28 15.60   Use -Xlint:-options to suppress this message.
#28 15.60   Use -proc:none to disable annotation processing.
#28 15.60 [INFO] 
#28 15.60 [INFO] --- resources:3.3.1:testResources (default-testResources) @ pagos-service ---
#28 15.60 [INFO] Copying 1 resource from src/test/resources to target/test-classes
#28 15.60 [INFO] 
#28 15.60 [INFO] --- compiler:3.13.0:testCompile (default-testCompile) @ pagos-service ---
#28 15.61 [INFO] Recompiling the module because of changed dependency.
#28 15.61 [INFO] Compiling 9 source files with javac [debug parameters release 21] to target/test-classes
#28 16.08 [INFO] Annotation processing is enabled because one or more processors were found
#28 16.08   on the class path. A future release of javac may disable annotation processing
#28 16.08   unless at least one processor is specified by name (-processor), or a search
#28 16.08   path is specified (--processor-path, --processor-module-path), or annotation
#28 16.08   processing is enabled explicitly (-proc:only, -proc:full).
#28 16.08   Use -Xlint:-options to suppress this message.
#28 16.08   Use -proc:none to disable annotation processing.
#28 16.08 [INFO] 
#28 16.08 [INFO] --- surefire:3.2.5:test (default-test) @ pagos-service ---
#28 16.09 [INFO] Tests are skipped.
#28 16.09 [INFO] 
#28 16.09 [INFO] --- jar:3.4.2:jar (default-jar) @ pagos-service ---
#28 16.10 [INFO] Building jar: /build/pagos-service/target/pagos-service.jar
#28 16.12 [INFO] 
#28 16.12 [INFO] --- spring-boot:3.3.4:repackage (repackage) @ pagos-service ---
#28 16.37 [INFO] Replacing main artifact /build/pagos-service/target/pagos-service.jar with repackaged archive, adding nested dependencies in BOOT-INF/.
#28 16.37 [INFO] The original artifact has been renamed to /build/pagos-service/target/pagos-service.jar.original
#28 16.37 [INFO] 
#28 16.37 [INFO] -----------------< cl.duoc.bancoxyz:clientes-service >------------------
#28 16.37 [INFO] Building clientes-service 1.0.0                                  [12/16]
#28 16.37 [INFO]   from clientes-service/pom.xml
#28 16.37 [INFO] --------------------------------[ jar ]---------------------------------
#28 16.39 [INFO] 
#28 16.39 [INFO] --- clean:3.3.2:clean (default-clean) @ clientes-service ---
#28 16.39 [INFO] 
#28 16.39 [INFO] --- resources:3.3.1:resources (default-resources) @ clientes-service ---
#28 16.40 [INFO] Copying 1 resource from src/main/resources to target/classes
#28 16.40 [INFO] Copying 1 resource from src/main/resources to target/classes
#28 16.40 [INFO] 
#28 16.40 [INFO] --- compiler:3.13.0:compile (default-compile) @ clientes-service ---
#28 16.40 [INFO] Recompiling the module because of changed dependency.
#28 16.40 [INFO] Compiling 8 source files with javac [debug parameters release 21] to target/classes
#28 16.56 [INFO] 
#28 16.56 [INFO] --- resources:3.3.1:testResources (default-testResources) @ clientes-service ---
#28 16.56 [INFO] Copying 1 resource from src/test/resources to target/test-classes
#28 16.56 [INFO] 
#28 16.56 [INFO] --- compiler:3.13.0:testCompile (default-testCompile) @ clientes-service ---
#28 16.57 [INFO] Recompiling the module because of changed dependency.
#28 16.57 [INFO] Compiling 3 source files with javac [debug parameters release 21] to target/test-classes
#28 16.72 [INFO] 
#28 16.72 [INFO] --- surefire:3.2.5:test (default-test) @ clientes-service ---
#28 16.72 [INFO] Tests are skipped.
#28 16.72 [INFO] 
#28 16.72 [INFO] --- jar:3.4.2:jar (default-jar) @ clientes-service ---
#28 16.73 [INFO] Building jar: /build/clientes-service/target/clientes-service.jar
#28 16.73 [INFO] 
#28 16.73 [INFO] --- spring-boot:3.3.4:repackage (repackage) @ clientes-service ---
#28 16.92 [INFO] Replacing main artifact /build/clientes-service/target/clientes-service.jar with repackaged archive, adding nested dependencies in BOOT-INF/.
#28 16.92 [INFO] The original artifact has been renamed to /build/clientes-service/target/clientes-service.jar.original
#28 16.92 [INFO] 
#28 16.92 [INFO] --------------------< cl.duoc.bancoxyz:bff-common >---------------------
#28 16.92 [INFO] Building bff-common 1.0.0                                        [13/16]
#28 16.92 [INFO]   from bff-common/pom.xml
#28 16.92 [INFO] --------------------------------[ jar ]---------------------------------
#28 16.93 [INFO] 
#28 16.93 [INFO] --- clean:3.3.2:clean (default-clean) @ bff-common ---
#28 16.93 [INFO] 
#28 16.93 [INFO] --- resources:3.3.1:resources (default-resources) @ bff-common ---
#28 16.95 [INFO] Copying 0 resource from src/main/resources to target/classes
#28 16.95 [INFO] Copying 0 resource from src/main/resources to target/classes
#28 16.95 [INFO] 
#28 16.95 [INFO] --- compiler:3.13.0:compile (default-compile) @ bff-common ---
#28 16.95 [INFO] Recompiling the module because of changed dependency.
#28 16.95 [INFO] Compiling 11 source files with javac [debug parameters release 21] to target/classes
#28 17.06 [INFO] 
#28 17.06 [INFO] --- resources:3.3.1:testResources (default-testResources) @ bff-common ---
#28 17.06 [INFO] skip non existing resourceDirectory /build/bff-common/src/test/resources
#28 17.06 [INFO] 
#28 17.06 [INFO] --- compiler:3.13.0:testCompile (default-testCompile) @ bff-common ---
#28 17.06 [INFO] Recompiling the module because of changed dependency.
#28 17.06 [INFO] 
#28 17.06 [INFO] --- surefire:3.2.5:test (default-test) @ bff-common ---
#28 17.06 [INFO] Tests are skipped.
#28 17.06 [INFO] 
#28 17.06 [INFO] --- jar:3.4.2:jar (default-jar) @ bff-common ---
#28 17.07 [INFO] Building jar: /build/bff-common/target/bff-common-1.0.0.jar
#28 17.08 [INFO] 
#28 17.08 [INFO] ----------------------< cl.duoc.bancoxyz:bff-web >----------------------
#28 17.08 [INFO] Building bff-web 1.0.0                                           [14/16]
#28 17.08 [INFO]   from bff-web/pom.xml
#28 17.08 [INFO] --------------------------------[ jar ]---------------------------------
#28 17.09 [INFO] 
#28 17.09 [INFO] --- clean:3.3.2:clean (default-clean) @ bff-web ---
#28 17.09 [INFO] 
#28 17.09 [INFO] --- resources:3.3.1:resources (default-resources) @ bff-web ---
#28 17.09 [INFO] Copying 1 resource from src/main/resources to target/classes
#28 17.09 [INFO] Copying 0 resource from src/main/resources to target/classes
#28 17.09 [INFO] 
#28 17.09 [INFO] --- compiler:3.13.0:compile (default-compile) @ bff-web ---
#28 17.10 [INFO] Recompiling the module because of changed dependency.
#28 17.10 [INFO] Compiling 6 source files with javac [debug parameters release 21] to target/classes
#28 17.17 [INFO] 
#28 17.17 [INFO] --- resources:3.3.1:testResources (default-testResources) @ bff-web ---
#28 17.17 [INFO] skip non existing resourceDirectory /build/bff-web/src/test/resources
#28 17.17 [INFO] 
#28 17.17 [INFO] --- compiler:3.13.0:testCompile (default-testCompile) @ bff-web ---
#28 17.18 [INFO] Recompiling the module because of changed dependency.
#28 17.18 [INFO] Compiling 1 source file with javac [debug parameters release 21] to target/test-classes
#28 17.26 [INFO] 
#28 17.26 [INFO] --- surefire:3.2.5:test (default-test) @ bff-web ---
#28 17.26 [INFO] Tests are skipped.
#28 17.26 [INFO] 
#28 17.26 [INFO] --- jar:3.4.2:jar (default-jar) @ bff-web ---
#28 17.26 [INFO] Building jar: /build/bff-web/target/bff-web.jar
#28 17.27 [INFO] 
#28 17.27 [INFO] --- spring-boot:3.3.4:repackage (repackage) @ bff-web ---
#28 17.36 [INFO] Replacing main artifact /build/bff-web/target/bff-web.jar with repackaged archive, adding nested dependencies in BOOT-INF/.
#28 17.36 [INFO] The original artifact has been renamed to /build/bff-web/target/bff-web.jar.original
#28 17.36 [INFO] 
#28 17.36 [INFO] ---------------------< cl.duoc.bancoxyz:bff-movil >---------------------
#28 17.36 [INFO] Building bff-movil 1.0.0                                         [15/16]
#28 17.36 [INFO]   from bff-movil/pom.xml
#28 17.36 [INFO] --------------------------------[ jar ]---------------------------------
#28 17.37 [INFO] 
#28 17.37 [INFO] --- clean:3.3.2:clean (default-clean) @ bff-movil ---
#28 17.37 [INFO] 
#28 17.37 [INFO] --- resources:3.3.1:resources (default-resources) @ bff-movil ---
#28 17.38 [INFO] Copying 1 resource from src/main/resources to target/classes
#28 17.38 [INFO] Copying 0 resource from src/main/resources to target/classes
#28 17.38 [INFO] 
#28 17.38 [INFO] --- compiler:3.13.0:compile (default-compile) @ bff-movil ---
#28 17.38 [INFO] Recompiling the module because of changed dependency.
#28 17.38 [INFO] Compiling 6 source files with javac [debug parameters release 21] to target/classes
#28 17.45 [INFO] 
#28 17.45 [INFO] --- resources:3.3.1:testResources (default-testResources) @ bff-movil ---
#28 17.45 [INFO] skip non existing resourceDirectory /build/bff-movil/src/test/resources
#28 17.45 [INFO] 
#28 17.45 [INFO] --- compiler:3.13.0:testCompile (default-testCompile) @ bff-movil ---
#28 17.46 [INFO] Recompiling the module because of changed dependency.
#28 17.46 [INFO] Compiling 1 source file with javac [debug parameters release 21] to target/test-classes
#28 17.53 [INFO] 
#28 17.53 [INFO] --- surefire:3.2.5:test (default-test) @ bff-movil ---
#28 17.54 [INFO] Tests are skipped.
#28 17.54 [INFO] 
#28 17.54 [INFO] --- jar:3.4.2:jar (default-jar) @ bff-movil ---
#28 17.54 [INFO] Building jar: /build/bff-movil/target/bff-movil.jar
#28 17.55 [INFO] 
#28 17.55 [INFO] --- spring-boot:3.3.4:repackage (repackage) @ bff-movil ---
#28 17.64 [INFO] Replacing main artifact /build/bff-movil/target/bff-movil.jar with repackaged archive, adding nested dependencies in BOOT-INF/.
#28 17.64 [INFO] The original artifact has been renamed to /build/bff-movil/target/bff-movil.jar.original
#28 17.64 [INFO] 
#28 17.64 [INFO] --------------------< cl.duoc.bancoxyz:bff-cajero >---------------------
#28 17.64 [INFO] Building bff-cajero 1.0.0                                        [16/16]
#28 17.64 [INFO]   from bff-cajero/pom.xml
#28 17.64 [INFO] --------------------------------[ jar ]---------------------------------
#28 17.65 [INFO] 
#28 17.65 [INFO] --- clean:3.3.2:clean (default-clean) @ bff-cajero ---
#28 17.65 [INFO] 
#28 17.65 [INFO] --- resources:3.3.1:resources (default-resources) @ bff-cajero ---
#28 17.65 [INFO] Copying 1 resource from src/main/resources to target/classes
#28 17.65 [INFO] Copying 0 resource from src/main/resources to target/classes
#28 17.65 [INFO] 
#28 17.65 [INFO] --- compiler:3.13.0:compile (default-compile) @ bff-cajero ---
#28 17.66 [INFO] Recompiling the module because of changed dependency.
#28 17.66 [INFO] Compiling 7 source files with javac [debug parameters release 21] to target/classes
#28 17.75 [INFO] 
#28 17.75 [INFO] --- resources:3.3.1:testResources (default-testResources) @ bff-cajero ---
#28 17.75 [INFO] skip non existing resourceDirectory /build/bff-cajero/src/test/resources
#28 17.75 [INFO] 
#28 17.75 [INFO] --- compiler:3.13.0:testCompile (default-testCompile) @ bff-cajero ---
#28 17.75 [INFO] Recompiling the module because of changed dependency.
#28 17.76 [INFO] Compiling 1 source file with javac [debug parameters release 21] to target/test-classes
#28 17.83 [INFO] 
#28 17.83 [INFO] --- surefire:3.2.5:test (default-test) @ bff-cajero ---
#28 17.83 [INFO] Tests are skipped.
#28 17.83 [INFO] 
#28 17.83 [INFO] --- jar:3.4.2:jar (default-jar) @ bff-cajero ---
#28 17.83 [INFO] Building jar: /build/bff-cajero/target/bff-cajero.jar
#28 17.84 [INFO] 
#28 17.84 [INFO] --- spring-boot:3.3.4:repackage (repackage) @ bff-cajero ---
#28 17.93 [INFO] Replacing main artifact /build/bff-cajero/target/bff-cajero.jar with repackaged archive, adding nested dependencies in BOOT-INF/.
#28 17.93 [INFO] The original artifact has been renamed to /build/bff-cajero/target/bff-cajero.jar.original
#28 17.93 [INFO] ------------------------------------------------------------------------
#28 17.93 [INFO] Reactor Summary for eft-backend-avanzado 1.0.0:
#28 17.93 [INFO] 
#28 17.93 [INFO] eft-backend-avanzado ............................... SUCCESS [  0.104 s]
#28 17.93 [INFO] common-dominio ..................................... SUCCESS [  2.032 s]
#28 17.93 [INFO] batch-migracion .................................... SUCCESS [  3.737 s]
#28 17.93 [INFO] broker-artemis ..................................... SUCCESS [  1.441 s]
#28 17.93 [INFO] broker-kafka ....................................... SUCCESS [  1.020 s]
#28 17.93 [INFO] config-server ...................................... SUCCESS [  0.794 s]
#28 17.93 [INFO] discovery-server ................................... SUCCESS [  1.497 s]
#28 17.93 [INFO] auth-server ........................................ SUCCESS [  0.564 s]
#28 17.93 [INFO] api-gateway ........................................ SUCCESS [  0.843 s]
#28 17.94 [INFO] cuentas-service .................................... SUCCESS [  0.772 s]
#28 17.94 [INFO] pagos-service ...................................... SUCCESS [  1.282 s]
#28 17.94 [INFO] clientes-service ................................... SUCCESS [  0.552 s]
#28 17.94 [INFO] bff-common ......................................... SUCCESS [  0.152 s]
#28 17.94 [INFO] bff-web ............................................ SUCCESS [  0.285 s]
#28 17.94 [INFO] bff-movil .......................................... SUCCESS [  0.275 s]
#28 17.94 [INFO] bff-cajero ......................................... SUCCESS [  0.296 s]
#28 17.94 [INFO] ------------------------------------------------------------------------
#28 17.94 [INFO] BUILD SUCCESS
#28 17.94 [INFO] ------------------------------------------------------------------------
#28 17.94 [INFO] Total time:  16.142 s
#28 17.94 [INFO] Finished at: 2026-10-10T00:48:38Z
#28 17.94 [INFO] ------------------------------------------------------------------------
#28 DONE 19.0s

#29 [api-gateway runtime 2/5] RUN apt-get update     && apt-get install -y --no-install-recommends curl     && rm -rf /var/lib/apt/lists/*
#29 CACHED

#30 [api-gateway runtime 3/5] WORKDIR /app
#30 CACHED

#31 [bff-web runtime 2/5] RUN apt-get update     && apt-get install -y --no-install-recommends curl     && rm -rf /var/lib/apt/lists/*
#31 CACHED

#32 [bff-web runtime 3/5] WORKDIR /app
#32 CACHED

#33 [cuentas-service runtime 2/5] RUN apt-get update     && apt-get install -y --no-install-recommends curl     && rm -rf /var/lib/apt/lists/*
#33 CACHED

#34 [cuentas-service runtime 3/5] WORKDIR /app
#34 CACHED

#35 [bff-web runtime 4/5] COPY --from=build /build/bff-web/target/bff-web.jar app.jar
#35 ...

#36 [discovery-server runtime 2/5] RUN apt-get update     && apt-get install -y --no-install-recommends curl     && rm -rf /var/lib/apt/lists/*
#36 CACHED

#37 [discovery-server runtime 3/5] WORKDIR /app
#37 CACHED

#38 [bff-movil runtime 2/5] RUN apt-get update     && apt-get install -y --no-install-recommends curl     && rm -rf /var/lib/apt/lists/*
#38 CACHED

#39 [bff-movil runtime 3/5] WORKDIR /app
#39 CACHED

#40 [auth-server runtime 2/5] RUN apt-get update     && apt-get install -y --no-install-recommends curl     && rm -rf /var/lib/apt/lists/*
#40 CACHED

#41 [auth-server runtime 3/5] WORKDIR /app
#41 CACHED

#42 [pagos-service runtime 2/5] RUN apt-get update     && apt-get install -y --no-install-recommends curl     && rm -rf /var/lib/apt/lists/*
#42 CACHED

#43 [bff-cajero runtime 2/5] RUN apt-get update     && apt-get install -y --no-install-recommends curl     && rm -rf /var/lib/apt/lists/*
#43 CACHED

#44 [bff-cajero runtime 3/5] WORKDIR /app
#44 CACHED

#45 [pagos-service runtime 3/5] WORKDIR /app
#45 CACHED

#46 [config-server runtime 2/5] RUN apt-get update     && apt-get install -y --no-install-recommends curl     && rm -rf /var/lib/apt/lists/*
#46 CACHED

#47 [config-server runtime 3/5] WORKDIR /app
#47 CACHED

#48 [pagos-service runtime 4/5] COPY --from=build /build/pagos-service/target/pagos-service.jar app.jar
#48 ...

#49 [api-gateway runtime 4/5] COPY --from=build /build/api-gateway/target/api-gateway.jar app.jar
#49 DONE 0.3s

#50 [clientes-service runtime 2/5] RUN apt-get update     && apt-get install -y --no-install-recommends curl     && rm -rf /var/lib/apt/lists/*
#50 CACHED

#51 [clientes-service runtime 3/5] WORKDIR /app
#51 CACHED

#52 [broker-artemis runtime 2/5] RUN apt-get update     && apt-get install -y --no-install-recommends curl     && rm -rf /var/lib/apt/lists/*
#52 CACHED

#53 [broker-artemis runtime 3/5] WORKDIR /app
#53 CACHED

#54 [broker-artemis runtime 4/5] COPY --from=build /build/broker-artemis/target/broker-artemis.jar app.jar
#54 ...

#35 [bff-web runtime 4/5] COPY --from=build /build/bff-web/target/bff-web.jar app.jar
#35 DONE 0.7s

#55 [bff-web runtime 5/5] RUN groupadd --system banco     && useradd --system --gid banco --uid 1001 banco     && chown -R banco:banco /app
#55 ...

#56 [cuentas-service runtime 4/5] COPY --from=build /build/cuentas-service/target/cuentas-service.jar app.jar
#56 DONE 1.1s

#57 [bff-movil runtime 4/5] COPY --from=build /build/bff-movil/target/bff-movil.jar app.jar
#57 DONE 1.1s

#58 [cuentas-service runtime 5/5] RUN groupadd --system banco     && useradd --system --gid banco --uid 1001 banco     && chown -R banco:banco /app
#58 ...

#59 [discovery-server runtime 4/5] COPY --from=build /build/discovery-server/target/discovery-server.jar app.jar
#59 DONE 1.2s

#60 [auth-server runtime 4/5] COPY --from=build /build/auth-server/target/auth-server.jar app.jar
#60 DONE 1.1s

#61 [bff-cajero runtime 4/5] COPY --from=build /build/bff-cajero/target/bff-cajero.jar app.jar
#61 DONE 1.1s

#48 [pagos-service runtime 4/5] COPY --from=build /build/pagos-service/target/pagos-service.jar app.jar
#48 DONE 1.1s

#54 [broker-artemis runtime 4/5] COPY --from=build /build/broker-artemis/target/broker-artemis.jar app.jar
#54 DONE 1.0s

#62 [config-server runtime 4/5] COPY --from=build /build/config-server/target/config-server.jar app.jar
#62 DONE 1.1s

#63 [clientes-service runtime 4/5] COPY --from=build /build/clientes-service/target/clientes-service.jar app.jar
#63 DONE 1.1s

#64 [api-gateway runtime 5/5] RUN groupadd --system banco     && useradd --system --gid banco --uid 1001 banco     && chown -R banco:banco /app
#64 0.669 useradd warning: banco's uid 1001 is greater than SYS_UID_MAX 999
#64 DONE 1.1s

#65 [api-gateway] exporting to image
#65 exporting layers
#65 ...

#55 [bff-web runtime 5/5] RUN groupadd --system banco     && useradd --system --gid banco --uid 1001 banco     && chown -R banco:banco /app
#55 0.616 useradd warning: banco's uid 1001 is greater than SYS_UID_MAX 999
#55 DONE 0.9s

#66 [bff-web] exporting to image
#66 ...

#58 [cuentas-service runtime 5/5] RUN groupadd --system banco     && useradd --system --gid banco --uid 1001 banco     && chown -R banco:banco /app
#58 1.127 useradd warning: banco's uid 1001 is greater than SYS_UID_MAX 999
#58 DONE 1.6s

#66 [bff-web] exporting to image
#66 exporting layers 1.2s done
#66 exporting manifest sha256:2c42cddef0a48aa89a78ff33fbb792ea39701e088bcffb3201fcea067bcd0ab8 0.0s done
#66 exporting config sha256:b756e78dc95dca5eda13db9f24a65423b0c141cd7c85f36b194af084829a674d 0.0s done
#66 exporting attestation manifest sha256:f1d940db02db5ce16ba5b354b46ef38a8cde9f0c6e620650e472fd33e4c0125c 0.0s done
#66 exporting manifest list sha256:7d7cb3f7a41a3414dfdffe775a528fff455308d449fbd415f45c25b5f52102c2
#66 exporting manifest list sha256:7d7cb3f7a41a3414dfdffe775a528fff455308d449fbd415f45c25b5f52102c2 0.0s done
#66 naming to docker.io/banco-xyz/bff-web:1.0.0 done
#66 unpacking to docker.io/banco-xyz/bff-web:1.0.0
#66 unpacking to docker.io/banco-xyz/bff-web:1.0.0 0.3s done
#66 DONE 1.7s

#67 [bff-web] resolving provenance for metadata file
#67 DONE 0.0s

#68 [cuentas-service] exporting to image
#68 ...

#65 [api-gateway] exporting to image
#65 exporting layers 2.3s done
#65 exporting manifest sha256:7b09395d6ec62f563da2c5bb8839692a0ff8cf200051968bbb17d9c918278e45 0.0s done
#65 exporting config sha256:4d640f1b6758f0f7e13cd021cfbbaff0aa36c1ee70ab88e6771ca5fb3140c9fb 0.0s done
#65 exporting attestation manifest sha256:dfecda180c1e8c4c657d6947482315c7792ad964b806c41382e66ba348070ff6 0.0s done
#65 exporting manifest list sha256:2d25cc7a0de506a8da2dca8cc7dcf9ad957e8cdccbda69faea6de57f82dfee96 0.0s done
#65 naming to docker.io/banco-xyz/api-gateway:1.0.0 done
#65 unpacking to docker.io/banco-xyz/api-gateway:1.0.0 0.6s done
#65 DONE 3.1s

#69 [bff-movil runtime 5/5] RUN groupadd --system banco     && useradd --system --gid banco --uid 1001 banco     && chown -R banco:banco /app
#69 2.782 useradd warning: banco's uid 1001 is greater than SYS_UID_MAX 999
#69 DONE 3.4s

#70 [discovery-server runtime 5/5] RUN groupadd --system banco     && useradd --system --gid banco --uid 1001 banco     && chown -R banco:banco /app
#70 2.917 useradd warning: banco's uid 1001 is greater than SYS_UID_MAX 999
#70 DONE 3.7s

#71 [bff-movil] exporting to image
#71 ...

#72 [auth-server runtime 5/5] RUN groupadd --system banco     && useradd --system --gid banco --uid 1001 banco     && chown -R banco:banco /app
#72 3.364 useradd warning: banco's uid 1001 is greater than SYS_UID_MAX 999
#72 DONE 3.8s

#73 [api-gateway] resolving provenance for metadata file
#73 DONE 0.0s

#74 [auth-server] exporting to image
#74 ...

#75 [bff-cajero runtime 5/5] RUN groupadd --system banco     && useradd --system --gid banco --uid 1001 banco     && chown -R banco:banco /app
#75 3.739 useradd warning: banco's uid 1001 is greater than SYS_UID_MAX 999
#75 DONE 4.4s

#76 [broker-artemis runtime 5/5] RUN groupadd --system banco     && useradd --system --gid banco --uid 1001 banco     && chown -R banco:banco /app
#76 3.746 useradd warning: banco's uid 1001 is greater than SYS_UID_MAX 999
#76 DONE 4.4s

#77 [pagos-service runtime 5/5] RUN groupadd --system banco     && useradd --system --gid banco --uid 1001 banco     && chown -R banco:banco /app
#77 3.746 useradd warning: banco's uid 1001 is greater than SYS_UID_MAX 999
#77 DONE 4.4s

#78 [config-server runtime 5/5] RUN groupadd --system banco     && useradd --system --gid banco --uid 1001 banco     && chown -R banco:banco /app
#78 3.712 useradd warning: banco's uid 1001 is greater than SYS_UID_MAX 999
#78 DONE 4.4s

#79 [config-server] exporting to image
#79 ...

#71 [bff-movil] exporting to image
#71 exporting layers 1.7s done
#71 exporting manifest sha256:1dc649fa833da9430d063231df832a8dc494a52d84fcb7ef3632e5d0502c1d8b 0.0s done
#71 exporting config sha256:c79add612327c793e9af19bc104972a6931a26ce4a6db2817aabe186a48ac934 0.1s done
#71 exporting attestation manifest sha256:882acf4374227503db474b3cdcd4bb3bb56dd6c5a916b0ee3ff990bdf3704045 0.0s done
#71 exporting manifest list sha256:2a03e2abca97deae5da9f7e0658f247c14af969e5644511550cc6e237ef7265e 0.0s done
#71 naming to docker.io/banco-xyz/bff-movil:1.0.0 done
#71 unpacking to docker.io/banco-xyz/bff-movil:1.0.0 0.7s done
#71 DONE 2.7s

#68 [cuentas-service] exporting to image
#68 exporting layers 3.5s done
#68 exporting manifest sha256:adf7421ffdadfe3fb1ca9e16f04b704b82de54b4b519626a8cd9cef048656292 0.1s done
#68 exporting config sha256:06c931c469378fd99e52bcc7c165f9b3f3b542094eaa0ae7829f39fc2690b225 0.0s done
#68 exporting attestation manifest sha256:41ca3cc98df96e44fee4e976178da30fb932eaa1d0dd9ab1f7245f613284f3e8 0.1s done
#68 exporting manifest list sha256:23bb283764f16517e484345298f3b034f8239df0620c4592745b11608add8cdd 0.1s done
#68 naming to docker.io/banco-xyz/cuentas-service:1.0.0 0.0s done
#68 unpacking to docker.io/banco-xyz/cuentas-service:1.0.0
#68 ...

#80 [bff-movil] resolving provenance for metadata file
#80 DONE 0.0s

#81 [pagos-service] exporting to image
#81 ...

#68 [cuentas-service] exporting to image
#68 unpacking to docker.io/banco-xyz/cuentas-service:1.0.0 1.8s done
#68 DONE 5.7s

#82 [bff-cajero] exporting to image
#82 exporting layers 2.3s done
#82 exporting manifest sha256:42f976cd8ebd169b67eaa21c22f8a740f069af538a20ef87c46ff322ddfb6e6a 0.1s done
#82 exporting config sha256:a916996d3f2b50121da302b3daa01b000e7a06ac9a9d1f891c2c88ed8df54be8 0.0s done
#82 exporting attestation manifest sha256:e475ac1158f4000b55c46aeeabc3198d0f0502201b6afd5e546c9950d1b1781d 0.1s done
#82 exporting manifest list sha256:05c8af419a470a2fae59257f5730fc051de62851c256e052d7fa2db932e32351 0.1s done
#82 naming to docker.io/banco-xyz/bff-cajero:1.0.0 0.0s done
#82 unpacking to docker.io/banco-xyz/bff-cajero:1.0.0
#82 unpacking to docker.io/banco-xyz/bff-cajero:1.0.0 0.5s done
#82 DONE 3.3s

#83 [broker-artemis] exporting to image
#83 ...

#84 [clientes-service runtime 5/5] RUN groupadd --system banco     && useradd --system --gid banco --uid 1001 banco     && chown -R banco:banco /app
#84 6.369 useradd warning: banco's uid 1001 is greater than SYS_UID_MAX 999
#84 DONE 7.8s

#85 [clientes-service] exporting to image
#85 ...

#86 [cuentas-service] resolving provenance for metadata file
#86 DONE 0.2s

#87 [bff-cajero] resolving provenance for metadata file
#87 DONE 0.0s

#79 [config-server] exporting to image
#79 exporting layers 3.9s done
#79 exporting manifest sha256:fef6040a6c892b3efcda2a5e3dfca00d2456a16296d6f9695397e511b1484660 0.1s done
#79 exporting config sha256:2c7adb40b50a074810445e872172687119e7340024a81d33fbc88caa2f8045e8 0.1s done
#79 exporting attestation manifest sha256:0ca85255f0d9db0e3aeb7b824a18a7d3c9279bbb6d5154978e1827e8a6f82f00 0.1s done
#79 exporting manifest list sha256:0898dd07ee88128b3ce17a8aa4c169818e6960a576ac33c62d977099b13366c6 0.0s done
#79 naming to docker.io/banco-xyz/config-server:1.0.0 0.0s done
#79 unpacking to docker.io/banco-xyz/config-server:1.0.0
#79 unpacking to docker.io/banco-xyz/config-server:1.0.0 0.7s done
#79 DONE 5.1s

#83 [broker-artemis] exporting to image
#83 exporting layers 3.7s done
#83 exporting manifest sha256:4e5985e59a9508db6fae1cdd6b2ff395a87d6553b250b2f431766fa848b00239 0.1s done
#83 exporting config sha256:d7381db91bbe31a88c4ea48bb05b5edc475f0dfd50a19e1bdcd5a0d487a97c3e 0.1s done
#83 exporting attestation manifest sha256:3383faa1a3d3dfbb29aa5cfd20ed3ce5f2cab581b5639dbefda21553646eed4e 0.1s done
#83 exporting manifest list sha256:6ba7b2a2ccbd5f56adc5ae591dacd21dd0a4e7bd00f7c4a9233f0414028f6ed9 0.1s done
#83 naming to docker.io/banco-xyz/broker-artemis:1.0.0 0.0s done
#83 unpacking to docker.io/banco-xyz/broker-artemis:1.0.0 0.8s done
#83 DONE 5.1s

#74 [auth-server] exporting to image
#74 exporting layers 4.3s done
#74 exporting manifest sha256:8c2a85fa5b6322aa9b654c7a18049fdb1477b80743d3665760ef6f61cf00f8c3 0.1s done
#74 exporting config sha256:d5753b0b6638a332edabd589d4a3a39ae28e85a6ef0a2dea52d154ba8334baa2 0.1s done
#74 exporting attestation manifest sha256:7ed18671c64d0222c1219896bbb2da0ffe736bfcba568cff118ca908b7376326 0.1s done
#74 exporting manifest list sha256:7f2a7d61d2d0489ab953451dd62942389b88fd3b3ff175246533dca746c7d6b5 0.1s done
#74 naming to docker.io/banco-xyz/auth-server:1.0.0 0.0s done
#74 unpacking to docker.io/banco-xyz/auth-server:1.0.0 0.9s done
#74 DONE 5.8s

#88 [discovery-server] exporting to image
#88 exporting layers 4.4s done
#88 exporting manifest sha256:bb000ab0eaa7b8e6dcd2f0c40cef090bd9870ba53e32b1b2dea474d65abbbf00 0.1s done
#88 exporting config sha256:cb2ab101273ec0faf0779a1d9a821e2871bea4b11e67a91c89a5b5f56bb9663d 0.1s done
#88 exporting attestation manifest sha256:5083f8a56e54539d0295c8fef12632793b8d9387cfaa06eef457513c28e7d91a 0.1s done
#88 exporting manifest list sha256:742382c02566ab43c3dc2dad2ab128b0d2b1c39c57cb297ca6ba5ff7a77641a2 0.1s done
#88 naming to docker.io/banco-xyz/discovery-server:1.0.0 0.0s done
#88 unpacking to docker.io/banco-xyz/discovery-server:1.0.0 1.1s done
#88 DONE 6.0s

#81 [pagos-service] exporting to image
#81 exporting layers 5.4s done
#81 exporting manifest sha256:0c253704315e9bc4e9edefd41b804519b28df436bc797565022c986b3fdfd1f9 0.0s done
#81 exporting config sha256:31f6ef718ce44dee27b04e6b38be7b6f3bbb3a75e85112ac722c4a1ce93ae438 0.0s done
#81 exporting attestation manifest sha256:9d5f71ced4132cf4d9d2ab483f6bceaa366cf950941119c80f37358c679f859b 0.0s done
#81 exporting manifest list sha256:7b3e34cb0726aa7744a0cb85f2ab760c47ea2ba255479d49ec44a526a0d85cdb
#81 exporting manifest list sha256:7b3e34cb0726aa7744a0cb85f2ab760c47ea2ba255479d49ec44a526a0d85cdb 0.0s done
#81 naming to docker.io/banco-xyz/pagos-service:1.0.0 done
#81 unpacking to docker.io/banco-xyz/pagos-service:1.0.0
#81 ...

#89 [discovery-server] resolving provenance for metadata file
#89 DONE 0.1s

#90 [config-server] resolving provenance for metadata file
#90 DONE 0.1s

#91 [broker-artemis] resolving provenance for metadata file
#91 DONE 0.2s

#92 [auth-server] resolving provenance for metadata file
#92 DONE 0.0s

#81 [pagos-service] exporting to image
#81 unpacking to docker.io/banco-xyz/pagos-service:1.0.0 0.8s done
#81 DONE 6.4s

#85 [clientes-service] exporting to image
#85 ...

#93 [pagos-service] resolving provenance for metadata file
#93 DONE 0.0s

#85 [clientes-service] exporting to image
#85 exporting layers 3.2s done
#85 exporting manifest sha256:07018458504274f8e24fe3fb67896659dc1086de9142799082ba549a541ac417 0.0s done
#85 exporting config sha256:4df3d06c7fce72a14e0a048355796428165878ae97bc6e30f5cfb8bdc85db229 0.0s done
#85 exporting attestation manifest sha256:8a101ed2b0367305c13197c67ed2f89655c7311561ec127f61e2a22653634dda 0.0s done
#85 exporting manifest list sha256:9f36a17ae9863e52ee93b980b6271f45a757b1500dbf3146b450722395f55730 0.0s done
#85 naming to docker.io/banco-xyz/clientes-service:1.0.0
#85 naming to docker.io/banco-xyz/clientes-service:1.0.0 done
#85 unpacking to docker.io/banco-xyz/clientes-service:1.0.0
#85 unpacking to docker.io/banco-xyz/clientes-service:1.0.0 0.6s done
#85 DONE 3.9s

#94 [clientes-service] resolving provenance for metadata file
#94 DONE 0.0s
 Image banco-xyz/config-server:1.0.0 Built 
 Image banco-xyz/cuentas-service:1.0.0 Built 
 Image banco-xyz/discovery-server:1.0.0 Built 
 Image banco-xyz/pagos-service:1.0.0 Built 
 Image banco-xyz/auth-server:1.0.0 Built 
 Image banco-xyz/bff-web:1.0.0 Built 
 Image banco-xyz/api-gateway:1.0.0 Built 
 Image banco-xyz/bff-cajero:1.0.0 Built 
 Image banco-xyz/clientes-service:1.0.0 Built 
 Image banco-xyz/bff-movil:1.0.0 Built 
 Image banco-xyz/broker-artemis:1.0.0 Built 

--- Imagenes construidas ---
REPOSITORIO                      ID / TAMANO
banco-xyz/config-server          0898dd07ee88  641MB
banco-xyz/discovery-server       742382c02566  693MB
banco-xyz/auth-server            7f2a7d61d2d0  678MB
banco-xyz/api-gateway            2d25cc7a0de5  689MB
banco-xyz/cuentas-service        23bb283764f1  794MB
banco-xyz/pagos-service          7b3e34cb0726  802MB
banco-xyz/clientes-service       9f36a17ae986  744MB
banco-xyz/bff-web                7d7cb3f7a41a  575MB
banco-xyz/bff-movil              2a03e2abca97  575MB
banco-xyz/bff-cajero             05c8af419a47  575MB
banco-xyz/broker-artemis         6ba7b2a2ccbd  651MB

   11 de 11 imagenes del proyecto presentes
