
==============================================================
  07 - ESCALABILIDAD HORIZONTAL EN CONTENEDORES
==============================================================

--- Instancias antes de escalar ---
NAME                              IMAGE                             COMMAND                  SERVICE           CREATED         STATUS                        PORTS
eft-banco-xyz-cuentas-service-1   banco-xyz/cuentas-service:1.0.0   "java -XX:MaxRAMPercÔÇª"   cuentas-service   3 minutes ago   Up About a minute (healthy)   
eft-banco-xyz-pagos-service-1     banco-xyz/pagos-service:1.0.0     "java -XX:MaxRAMPercÔÇª"   pagos-service     3 minutes ago   Up 2 minutes (healthy)        

--- Escalando a dos replicas de cada uno ---
 Container config-server Running 
 Container eft-banco-xyz-cuentas-service-1 Running 
 Container broker-artemis Running 
 Container bff-cajero Running 
 Container eft-banco-xyz-pagos-service-1 Running 
 Container kafka Running 
 Container api-gateway Running 
 Container auth-server Running 
 Container bff-web Running 
 Container eft-banco-xyz-clientes-service-1 Running 
 Container bff-movil Running 
 Container discovery-server Running 
 Container eft-banco-xyz-pagos-service-2 Creating 
 Container eft-banco-xyz-cuentas-service-2 Creating 
 Container eft-banco-xyz-pagos-service-2 Created 
 Container eft-banco-xyz-cuentas-service-2 Created 
 Container kafka Waiting 
 Container config-server Waiting 
 Container discovery-server Waiting 
 Container config-server Healthy 
 Container kafka Healthy 
 Container kafka-init Starting 
 Container discovery-server Healthy 
 Container auth-server Waiting 
 Container config-server Waiting 
 Container discovery-server Waiting 
 Container kafka-init Started 
 Container broker-artemis Waiting 
 Container discovery-server Waiting 
 Container kafka-init Waiting 
 Container auth-server Waiting 
 Container config-server Waiting 
 Container kafka-init Waiting 
 Container discovery-server Waiting 
 Container config-server Waiting 
 Container auth-server Waiting 
 Container auth-server Healthy 
 Container config-server Healthy 
 Container discovery-server Healthy 
 Container api-gateway Waiting 
 Container api-gateway Waiting 
 Container broker-artemis Waiting 
 Container api-gateway Waiting 
 Container api-gateway Waiting 
 Container kafka-init Waiting 
 Container config-server Waiting 
 Container discovery-server Waiting 
 Container auth-server Waiting 
 Container auth-server Healthy 
 Container config-server Healthy 
 Container auth-server Healthy 
 Container discovery-server Healthy 
 Container broker-artemis Healthy 
 Container discovery-server Healthy 
 Container config-server Healthy 
 Container api-gateway Healthy 
 Container discovery-server Healthy 
 Container config-server Healthy 
 Container api-gateway Healthy 
 Container broker-artemis Healthy 
 Container api-gateway Healthy 
 Container auth-server Healthy 
 Container api-gateway Healthy 
 Container kafka-init Exited 
 Container eft-banco-xyz-pagos-service-2 Starting 
 Container kafka-init Exited 
 Container eft-banco-xyz-cuentas-service-2 Starting 
 Container kafka-init Exited 
 Container eft-banco-xyz-pagos-service-2 Started 
 Container eft-banco-xyz-cuentas-service-2 Started 
   esperando a que las replicas nuevas esten healthy

--- Contenedores despues de escalar ---
NAME                               IMAGE                              COMMAND                  SERVICE            CREATED              STATUS                        PORTS
api-gateway                        banco-xyz/api-gateway:1.0.0        "java -XX:MaxRAMPercÔÇª"   api-gateway        5 minutes ago        Up 4 minutes (healthy)        0.0.0.0:8080->8080/tcp, [::]:8080->8080/tcp
auth-server                        banco-xyz/auth-server:1.0.0        "java -XX:MaxRAMPercÔÇª"   auth-server        5 minutes ago        Up 4 minutes (healthy)        0.0.0.0:9000->9000/tcp, [::]:9000->9000/tcp
bff-cajero                         banco-xyz/bff-cajero:1.0.0         "java -XX:MaxRAMPercÔÇª"   bff-cajero         5 minutes ago        Up 4 minutes (healthy)        0.0.0.0:8093->8093/tcp, [::]:8093->8093/tcp
bff-movil                          banco-xyz/bff-movil:1.0.0          "java -XX:MaxRAMPercÔÇª"   bff-movil          5 minutes ago        Up 4 minutes (healthy)        0.0.0.0:8092->8092/tcp, [::]:8092->8092/tcp
bff-web                            banco-xyz/bff-web:1.0.0            "java -XX:MaxRAMPercÔÇª"   bff-web            5 minutes ago        Up 4 minutes (healthy)        0.0.0.0:8091->8091/tcp, [::]:8091->8091/tcp
broker-artemis                     banco-xyz/broker-artemis:1.0.0     "java -XX:MaxRAMPercÔÇª"   broker-artemis     5 minutes ago        Up 4 minutes (healthy)        0.0.0.0:61617->61617/tcp, [::]:61617->61617/tcp
config-server                      banco-xyz/config-server:1.0.0      "java -XX:MaxRAMPercÔÇª"   config-server      5 minutes ago        Up 5 minutes (healthy)        0.0.0.0:8888->8888/tcp, [::]:8888->8888/tcp
discovery-server                   banco-xyz/discovery-server:1.0.0   "java -XX:MaxRAMPercÔÇª"   discovery-server   5 minutes ago        Up 5 minutes (healthy)        0.0.0.0:8761->8761/tcp, [::]:8761->8761/tcp
eft-banco-xyz-clientes-service-1   banco-xyz/clientes-service:1.0.0   "java -XX:MaxRAMPercÔÇª"   clientes-service   5 minutes ago        Up 4 minutes (healthy)        
eft-banco-xyz-cuentas-service-1    banco-xyz/cuentas-service:1.0.0    "java -XX:MaxRAMPercÔÇª"   cuentas-service    5 minutes ago        Up 2 minutes (healthy)        
eft-banco-xyz-cuentas-service-2    banco-xyz/cuentas-service:1.0.0    "java -XX:MaxRAMPercÔÇª"   cuentas-service    About a minute ago   Up About a minute (healthy)   
eft-banco-xyz-pagos-service-1      banco-xyz/pagos-service:1.0.0      "java -XX:MaxRAMPercÔÇª"   pagos-service      5 minutes ago        Up 4 minutes (healthy)        
eft-banco-xyz-pagos-service-2      banco-xyz/pagos-service:1.0.0      "java -XX:MaxRAMPercÔÇª"   pagos-service      About a minute ago   Up About a minute (healthy)   
kafka                              apache/kafka:3.8.1                 "/__cacert_entrypoinÔÇª"   kafka              5 minutes ago        Up 5 minutes (healthy)        0.0.0.0:9092->9092/tcp, [::]:9092->9092/tcp

--- Instancias registradas en Eureka ---
   API-GATEWAY : 1 instancia(s)
   AUTH-SERVER : 1 instancia(s)
   CLIENTES-SERVICE : 1 instancia(s)
   CUENTAS-SERVICE : 2 instancia(s)
   PAGOS-SERVICE : 2 instancia(s)

--- Treinta peticiones por el gateway, repartidas entre las replicas ---
De esas treinta, cuantas atendio cada replica, segun su propio log de acceso:
   eft-banco-xyz-cuentas-service-1               15 peticiones
   eft-banco-xyz-cuentas-service-2               15 peticiones
   total repartido entre las replicas: 30  (de 30 enviadas)

El reparto lo hace el balanceador del gateway sobre el registro de Eureka.
No hubo que tocar la configuracion de ningun componente: basto levantar la
replica. El log de acceso que permite este conteo viene de las variables
SERVER_TOMCAT_ACCESSLOG_* que docker-compose.yml le pasa a cuentas-service.

--- Volviendo a una replica de cada uno ---
 Container auth-server Running 
 Container eft-banco-xyz-pagos-service-1 Running 
 Container bff-cajero Running 
 Container eft-banco-xyz-clientes-service-1 Running 
 Container bff-web Running 
 Container api-gateway Running 
 Container discovery-server Running 
 Container broker-artemis Running 
 Container kafka Running 
 Container eft-banco-xyz-cuentas-service-1 Running 
 Container config-server Running 
 Container bff-movil Running 
 Container eft-banco-xyz-cuentas-service-2 Stopping 
 Container eft-banco-xyz-pagos-service-2 Stopping 
 Container eft-banco-xyz-cuentas-service-2 Stopped 
 Container eft-banco-xyz-cuentas-service-2 Removing 
 Container eft-banco-xyz-cuentas-service-2 Removed 
 Container eft-banco-xyz-pagos-service-2 Stopped 
 Container eft-banco-xyz-pagos-service-2 Removing 
 Container eft-banco-xyz-pagos-service-2 Removed 
 Container config-server Waiting 
 Container discovery-server Waiting 
 Container kafka Waiting 
 Container discovery-server Healthy 
 Container kafka Healthy 
 Container config-server Healthy 
 Container kafka-init Starting 
 Container discovery-server Waiting 
 Container auth-server Waiting 
 Container config-server Waiting 
 Container kafka-init Started 
 Container discovery-server Waiting 
 Container auth-server Waiting 
 Container broker-artemis Waiting 
 Container config-server Waiting 
 Container kafka-init Waiting 
 Container discovery-server Waiting 
 Container config-server Waiting 
 Container auth-server Waiting 
 Container kafka-init Waiting 
 Container config-server Healthy 
 Container discovery-server Healthy 
 Container auth-server Healthy 
 Container api-gateway Waiting 
 Container auth-server Waiting 
 Container api-gateway Waiting 
 Container broker-artemis Waiting 
 Container api-gateway Waiting 
 Container kafka-init Waiting 
 Container api-gateway Waiting 
 Container config-server Waiting 
 Container discovery-server Waiting 
 Container broker-artemis Healthy 
 Container config-server Healthy 
 Container discovery-server Healthy 
 Container discovery-server Healthy 
 Container auth-server Healthy 
 Container config-server Healthy 
 Container auth-server Healthy 
 Container broker-artemis Healthy 
 Container discovery-server Healthy 
 Container api-gateway Healthy 
 Container api-gateway Healthy 
 Container api-gateway Healthy 
 Container api-gateway Healthy 
 Container config-server Healthy 
 Container auth-server Healthy 
 Container kafka-init Exited 
 Container kafka-init Exited 
 Container kafka-init Exited 
