
==============================================================
  06 - ESCALABILIDAD HORIZONTAL EN LA NUBE
==============================================================

--- Instancias antes de escalar ---
NAME                              IMAGE                             COMMAND                  SERVICE           CREATED         STATUS                        PORTS
eft-banco-xyz-cuentas-service-1   banco-xyz/cuentas-service:1.0.0   "java -XX:MaxRAMPerc…"   cuentas-service   5 minutes ago   Up About a minute (healthy)   

--- Escalando cuentas-service a dos replicas ---
 Container kafka  Running
 Container config-server  Running
 Container kafka-init  Created
 Container broker-artemis  Running
 Container discovery-server  Running
 Container auth-server  Running
 Container api-gateway  Running
 Container eft-banco-xyz-cuentas-service-1  Running
 Container eft-banco-xyz-pagos-service-1  Running
 Container eft-banco-xyz-cuentas-service-2  Creating
 Container eft-banco-xyz-clientes-service-1  Running
 Container bff-cajero  Running
 Container bff-movil  Running
 Container bff-web  Running
 Container eft-banco-xyz-cuentas-service-2  Created
 Container kafka  Waiting
 Container config-server  Waiting
 Container discovery-server  Waiting
 Container config-server  Healthy
 Container discovery-server  Healthy
 Container discovery-server  Waiting
 Container auth-server  Waiting
 Container config-server  Waiting
 Container kafka  Healthy
 Container kafka-init  Starting
 Container kafka-init  Started
 Container config-server  Waiting
 Container discovery-server  Waiting
 Container auth-server  Waiting
 Container kafka-init  Waiting
 Container discovery-server  Waiting
 Container auth-server  Waiting
 Container broker-artemis  Waiting
 Container kafka-init  Waiting
 Container config-server  Waiting
 Container auth-server  Healthy
 Container discovery-server  Healthy
 Container config-server  Healthy
 Container api-gateway  Waiting
 Container api-gateway  Waiting
 Container auth-server  Waiting
 Container broker-artemis  Waiting
 Container api-gateway  Waiting
 Container kafka-init  Waiting
 Container config-server  Waiting
 Container discovery-server  Waiting
 Container api-gateway  Waiting
 Container config-server  Healthy
 Container broker-artemis  Healthy
 Container auth-server  Healthy
 Container discovery-server  Healthy
 Container discovery-server  Healthy
 Container auth-server  Healthy
 Container config-server  Healthy
 Container discovery-server  Healthy
 Container api-gateway  Healthy
 Container broker-artemis  Healthy
 Container api-gateway  Healthy
 Container api-gateway  Healthy
 Container api-gateway  Healthy
 Container config-server  Healthy
 Container auth-server  Healthy
 Container kafka-init  Exited
 Container eft-banco-xyz-cuentas-service-2  Starting
 Container kafka-init  Exited
 Container kafka-init  Exited
 Container eft-banco-xyz-cuentas-service-2  Started
   esperando a que la replica nueva este sana y registrada

--- Contenedores despues de escalar ---
NAME                               IMAGE                              COMMAND                  SERVICE            CREATED              STATUS                        PORTS
api-gateway                        banco-xyz/api-gateway:1.0.0        "java -XX:MaxRAMPerc…"   api-gateway        7 minutes ago        Up 6 minutes (healthy)        0.0.0.0:8080->8080/tcp, :::8080->8080/tcp
auth-server                        banco-xyz/auth-server:1.0.0        "java -XX:MaxRAMPerc…"   auth-server        7 minutes ago        Up 6 minutes (healthy)        0.0.0.0:9000->9000/tcp, :::9000->9000/tcp
bff-cajero                         banco-xyz/bff-cajero:1.0.0         "java -XX:MaxRAMPerc…"   bff-cajero         7 minutes ago        Up 5 minutes (healthy)        0.0.0.0:8093->8093/tcp, :::8093->8093/tcp
bff-movil                          banco-xyz/bff-movil:1.0.0          "java -XX:MaxRAMPerc…"   bff-movil          7 minutes ago        Up 5 minutes (healthy)        0.0.0.0:8092->8092/tcp, :::8092->8092/tcp
bff-web                            banco-xyz/bff-web:1.0.0            "java -XX:MaxRAMPerc…"   bff-web            7 minutes ago        Up 5 minutes (healthy)        0.0.0.0:8091->8091/tcp, :::8091->8091/tcp
broker-artemis                     banco-xyz/broker-artemis:1.0.0     "java -XX:MaxRAMPerc…"   broker-artemis     7 minutes ago        Up 7 minutes (healthy)        0.0.0.0:61617->61617/tcp, :::61617->61617/tcp
config-server                      banco-xyz/config-server:1.0.0      "java -XX:MaxRAMPerc…"   config-server      7 minutes ago        Up 7 minutes (healthy)        0.0.0.0:8888->8888/tcp, :::8888->8888/tcp
discovery-server                   banco-xyz/discovery-server:1.0.0   "java -XX:MaxRAMPerc…"   discovery-server   7 minutes ago        Up 7 minutes (healthy)        0.0.0.0:8761->8761/tcp, :::8761->8761/tcp
eft-banco-xyz-clientes-service-1   banco-xyz/clientes-service:1.0.0   "java -XX:MaxRAMPerc…"   clientes-service   7 minutes ago        Up 6 minutes (healthy)        
eft-banco-xyz-cuentas-service-1    banco-xyz/cuentas-service:1.0.0    "java -XX:MaxRAMPerc…"   cuentas-service    7 minutes ago        Up 3 minutes (healthy)        
eft-banco-xyz-cuentas-service-2    banco-xyz/cuentas-service:1.0.0    "java -XX:MaxRAMPerc…"   cuentas-service    About a minute ago   Up About a minute (healthy)   
eft-banco-xyz-pagos-service-1      banco-xyz/pagos-service:1.0.0      "java -XX:MaxRAMPerc…"   pagos-service      7 minutes ago        Up 5 minutes (healthy)        
kafka                              apache/kafka:3.8.1                 "/__cacert_entrypoin…"   kafka              7 minutes ago        Up 7 minutes (healthy)        0.0.0.0:9092->9092/tcp, :::9092->9092/tcp

--- Instancias registradas en Eureka ---
   instancias: 2
     - 99f6e9492121:cuentas-service:8081 UP
     - ec2b9d3be51c:cuentas-service:8081 UP

--- Treinta peticiones por el gateway, repartidas entre las replicas ---
De esas treinta, cuantas atendio cada replica segun su log de acceso:
   eft-banco-xyz-cuentas-service-1               15 peticiones
   eft-banco-xyz-cuentas-service-2               15 peticiones
   total repartido entre las replicas: 30  (de 30 enviadas)

   El reparto lo hace el balanceador del gateway sobre el registro de
   Eureka. No hubo que tocar configuracion de ningun componente: basto
   levantar la replica.

--- Consumo de la instancia con la replica adicional ---
NAME                               CPU %     MEM USAGE / LIMIT
eft-banco-xyz-cuentas-service-2    0.19%     231.6MiB / 512MiB
bff-cajero                         0.14%     143.9MiB / 384MiB
bff-movil                          0.14%     144MiB / 384MiB
eft-banco-xyz-pagos-service-1      0.26%     291.1MiB / 512MiB
bff-web                            0.27%     141.5MiB / 384MiB
eft-banco-xyz-cuentas-service-1    0.17%     242.3MiB / 512MiB
eft-banco-xyz-clientes-service-1   0.46%     219.9MiB / 512MiB
api-gateway                        0.13%     253MiB / 448MiB
auth-server                        0.13%     210.6MiB / 448MiB
kafka                              2.29%     336.1MiB / 1.172GiB
discovery-server                   4.32%     216.4MiB / 448MiB
broker-artemis                     0.36%     186.1MiB / 512MiB
config-server                      0.10%     169.8MiB / 448MiB
                  total        used        free      shared  buff/cache   available
   Mem:           7.6Gi       3.2Gi       191Mi       1.0Mi       4.2Gi       4.1Gi
   Swap:             0B          0B          0B

--- Volviendo a una replica ---
 Container config-server  Running
 Container discovery-server  Running
 Container kafka  Running
 Container auth-server  Running
 Container kafka-init  Created
 Container api-gateway  Running
 Container eft-banco-xyz-clientes-service-1  Running
 Container broker-artemis  Running
 Container bff-web  Running
 Container eft-banco-xyz-pagos-service-1  Running
 Container bff-movil  Running
 Container bff-cajero  Running
 Container eft-banco-xyz-cuentas-service-1  Running
 Container eft-banco-xyz-cuentas-service-2  Stopping
 Container eft-banco-xyz-cuentas-service-2  Stopped
 Container eft-banco-xyz-cuentas-service-2  Removing
 Container eft-banco-xyz-cuentas-service-2  Removed
 Container kafka  Waiting
 Container config-server  Waiting
 Container discovery-server  Waiting
 Container discovery-server  Healthy
 Container config-server  Healthy
 Container auth-server  Waiting
 Container config-server  Waiting
 Container discovery-server  Waiting
 Container kafka  Healthy
 Container kafka-init  Starting
 Container kafka-init  Started
 Container broker-artemis  Waiting
 Container kafka-init  Waiting
 Container config-server  Waiting
 Container discovery-server  Waiting
 Container auth-server  Waiting
 Container config-server  Waiting
 Container discovery-server  Waiting
 Container auth-server  Waiting
 Container kafka-init  Waiting
 Container config-server  Healthy
 Container auth-server  Healthy
 Container discovery-server  Healthy
 Container api-gateway  Waiting
 Container api-gateway  Waiting
 Container api-gateway  Waiting
 Container auth-server  Waiting
 Container broker-artemis  Waiting
 Container api-gateway  Waiting
 Container kafka-init  Waiting
 Container config-server  Waiting
 Container discovery-server  Waiting
 Container auth-server  Healthy
 Container auth-server  Healthy
 Container config-server  Healthy
 Container discovery-server  Healthy
 Container discovery-server  Healthy
 Container broker-artemis  Healthy
 Container config-server  Healthy
 Container config-server  Healthy
 Container discovery-server  Healthy
 Container auth-server  Healthy
 Container api-gateway  Healthy
 Container broker-artemis  Healthy
 Container api-gateway  Healthy
 Container api-gateway  Healthy
 Container api-gateway  Healthy
 Container kafka-init  Exited
 Container kafka-init  Exited
 Container kafka-init  Exited
