===============================================================
 BFF Web - agregacion completa (cuenta + historial + resumen)
 desde DOS servicios core distintos
===============================================================

$ curl http://localhost:8091/web/cuentas/103
{
  "cuenta": {
    "cuentaId": 103,
    "nombreTitular": "Bob Johnson",
    "edad": 30,
    "tipoCuenta": "ahorro",
    "saldo": 6500
  },
  "historialCompleto": [
    {
      "cuentaId": 103,
      "fecha": "2024-01-27",
      "tipoMovimiento": "retiro",
      "monto": 2000,
      "descripcion": "Ingreso mensual"
    },
    {
      "cuentaId": 103,
      "fecha": "2024-02-12",
      "tipoMovimiento": "compra",
      "monto": 3000,
      "descripcion": "Compra en tienda"
    },
    {
      "cuentaId": 103,
      "fecha": "2024-03-08",
      "tipoMovimiento": "deposito",
      "monto": 3000,
      "descripcion": "Retiro parcial"
    },
    {
      "cuentaId": 103,
      "fecha": "2024-03-10",
      "tipoMovimiento": "compra",
      "monto": 3000,
      "descripcion": "Sin descripción"
    },
    {
      "cuentaId": 103,
      "fecha": "2024-03-15",
      "tipoMovimiento": "compra",
      "monto": 5000,
      "descripcion": "Sin descripción"
    },
    {
      "cuentaId": 103,
      "fecha": "2024-03-19",
      "tipoMovimiento": "compra",
      "monto": 3000,
      "descripcion": "Ingreso extra"
    },
    {
      "cuentaId": 103,
      "fecha": "2024-04-03",
      "tipoMovimiento": "compra",
      "monto": 2500,
      "descripcion": "Retiro parcial"
    },
    {
      "cuentaId": 103,
      "fecha": "2024-04-20",
      "tipoMovimiento": "deposito",
      "monto": 2000,
      "descripcion": "Retiro parcial"
    },
    {
      "cuentaId": 103,
      "fecha": "2024-05-06",
      "tipoMovimiento": "compra",
      "monto": 2000,
      "descripcion": "Retiro parcial"
    },
    {
      "cuentaId": 103,
      "fecha": "2024-05-07",
      "tipoMovimiento": "compra",
      "monto": 2000,
      "descripcion": "Retiro parcial"
    },
    {
      "cuentaId": 103,
      "fecha": "2024-05-08",
      "tipoMovimiento": "compra",
      "monto": 1000,
      "descripcion": "Ingreso mensual"
    },
    {
      "cuentaId": 103,
      "fecha": "2024-05-09",
      "tipoMovimiento": "retiro",
      "monto": 3000,
      "descripcion": "Ingreso extra"
    },
    {
      "cuentaId": 103,
      "fecha": "2024-06-20",
      "tipoMovimiento": "retiro",
      "monto": 3000,
      "descripcion": "Ingreso mensual"
    },
    {
      "cuentaId": 103,
      "fecha": "2024-06-25",
      "tipoMovimiento": "deposito",
      "monto": 1500,
      "descripcion": "Sin descripción"
    },
    {
      "cuentaId": 103,
      "fecha": "2024-07-05",
      "tipoMovimiento": "retiro",
      "monto": 3000,
      "descripcion": "Ingreso mensual"
    },
    {
      "cuentaId": 103,
      "fecha": "2024-07-15",
      "tipoMovimiento": "pago",
      "monto": 3000,
      "descripcion": "Sin descripción"
    },
    {
      "cuentaId": 103,
      "fecha": "2024-07-23",
      "tipoMovimiento": "compra",
      "monto": 3000,
      "descripcion": "Retiro parcial"
    },
    {
      "cuentaId": 103,
      "fecha": "2024-07-29",
      "tipoMovimiento": "compra",
      "monto": 3000,
      "descripcion": "Ingreso navideño"
    },
    {
      "cuentaId": 103,
      "fecha": "2024-08-11",
      "tipoMovimiento": "pago",
      "monto": 1000,
      "descripcion": "Compra en tienda"
    },
    {
      "cuentaId": 103,
      "fecha": "2024-09-02",
      "tipoMovimiento": "retiro",
      "monto": 1500,
      "descripcion": "Ingreso navideño"
    },
    {
      "cuentaId": 103,
      "fecha": "2024-09-24",
      "tipoMovimiento": "deposito",
      "monto": 1500,
      "descripcion": "Sin descripción"
    },
    {
      "cuentaId": 103,
      "fecha": "2024-10-03",
      "tipoMovimiento": "compra",
      "monto": 1500,
      "descripcion": "Ingreso navideño"
    },
    {
      "cuentaId": 103,
      "fecha": "2024-10-05",
      "tipoMovimiento": "compra",
      "monto": 1000,
      "descripcion": "Retiro parcial"
    },
    {
      "cuentaId": 103,
      "fecha": "2024-10-11",
      "tipoMovimiento": "deposito",
      "monto": 2500,
      "descripcion": "Sin descripción"
    },
    {
      "cuentaId": 103,
      "fecha": "2024-10-26",
      "tipoMovimiento": "compra",
      "monto": 2000,
      "descripcion": "Ingreso mensual"
    },
    {
      "cuentaId": 103,
      "fecha": "2024-10-29",
      "tipoMovimiento": "compra",
      "monto": 2500,
      "descripcion": "Sin descripción"
    },
    {
      "cuentaId": 103,
      "fecha": "2024-10-29",
      "tipoMovimiento": "compra",
      "monto": 2500,
      "descripcion": "Ingreso navideño"
    },
    {
      "cuentaId": 103,
      "fecha": "2024-12-19",
      "tipoMovimiento": "compra",
      "monto": 5000,
      "descripcion": "Retiro parcial"
    },
    {
      "cuentaId": 103,
      "fecha": "2024-12-23",
      "tipoMovimiento": "retiro",
      "monto": 2500,
      "descripcion": "Sin descripción"
    }
  ],
  "resumen": {
    "cuentaId": 103,
    "cantidadMovimientos": 29,
    "totalDepositos": 10500,
    "totalRetiros": 61000,
    "ultimoMovimientoFecha": "2024-12-23"
  }
}

$ curl http://localhost:8091/web/banco/resumen-diario
{
  "cantidadTotal": 401,
  "montoTotal": 527000,
  "cantidadCreditos": 199,
  "cantidadDebitos": 202,
  "montoCreditos": 259000,
  "montoDebitos": 268000
}

$ curl http://localhost:8091/web/cuentas/999999   (cuenta inexistente)
{"mensaje":"No existe la cuenta 999999"}
HTTP 404
