===============================================================
 BFF Movil - payload liviano (sin nombre, sin descripciones,
 solo los ultimos 5 movimientos)
===============================================================

$ curl http://localhost:8092/movil/cuentas/103
{
  "saldo": 6500,
  "tipoCuenta": "ahorro",
  "ultimosMovimientos": [
    {
      "fecha": "2024-12-23",
      "tipo": "retiro",
      "monto": 2500
    },
    {
      "fecha": "2024-12-19",
      "tipo": "compra",
      "monto": 5000
    },
    {
      "fecha": "2024-10-29",
      "tipo": "compra",
      "monto": 2500
    },
    {
      "fecha": "2024-10-29",
      "tipo": "compra",
      "monto": 2500
    },
    {
      "fecha": "2024-10-26",
      "tipo": "compra",
      "monto": 2000
    }
  ]
}

$ curl http://localhost:8092/movil/cuentas/999999   (cuenta inexistente)
{"mensaje":"No existe la cuenta 999999"}
HTTP 404
