================================================================
 Rendimiento y consumo de recursos por canal
 Cuenta 110 | promedio de 30 peticiones
================================================================

### 1. Tiempo de respuesta y tamano por canal

Canal      Endpoint                             Tiempo(ms)        Bytes   Bytes gzip
---------- ---------------------------------- ------------ ------------ ------------
Web        /web/cuentas/110                          28.33         3332          545
Movil      /movil/cuentas/110                        20.19          324          165
Cajero     /cajero/cuentas/110/saldo                 10.55           40           40

Reduccion de payload movil respecto de web:  90.3%
Reduccion de payload cajero respecto de web: 98.8%

Compresion:
  Web:    3332 -> 545 bytes (83.7% menos)
  Movil:  324 -> 165 bytes (49.1% menos)
  Cajero: desactivada. A este tamano de respuesta el encabezado de gzip
          agrega mas bytes de los que ahorra.

### 2. Trafico interno BFF -> core

Peticion del BFF al servicio core                         Bytes
-------------------------------------------------- ------------
GET /api/movimientos/110 (canal web)                       3071
GET /api/movimientos/110?limite=5 (canal movil)             544

El canal movil ahorra 82.3% tambien en el trafico interno:
el servicio core nunca serializa el historial completo para una
peticion movil.

### 3. Tiempo de respuesta de los servicios core (referencia)

Endpoint core                                        Tiempo(ms)
-------------------------------------------------- ------------
GET /api/cuentas/110                                       2.68
GET /api/movimientos/110                                   3.61
GET /api/movimientos/110/resumen                           2.34

La diferencia entre el tiempo de un BFF y el de los servicios core que
consume es el costo de la agregacion y transformacion por canal.
